../Core/Src/main.c:78:6:SetServoAngle	24	static
../Core/Src/main.c:104:6:touch_pad_handler	32	static
../Core/Src/main.c:144:5:main	24	static
../Core/Src/main.c:218:6:SystemClock_Config	72	static
../Core/Src/main.c:257:13:MX_TIM2_Init	48	static
../Core/Src/main.c:305:13:MX_TIM3_Init	48	static
../Core/Src/main.c:353:13:MX_TIM4_Init	48	static
../Core/Src/main.c:401:13:MX_USART1_UART_Init	8	static
../Core/Src/main.c:431:13:MX_GPIO_Init	48	static
../Core/Src/main.c:493:6:Error_Handler	4	static,ignoring_inline_asm
