../Inc/core_cm4.h:1688:22:__NVIC_EnableIRQ	16	static
../Src/timer.c:91:6:timer_init	56	static,ignoring_inline_asm
../Src/timer.c:113:6:timer_enable_set	24	static
../Src/timer.c:145:6:timer_enable_get	32	static
../Src/timer.c:151:6:timer_silent_set	16	static
../Src/timer.c:154:6:timer_silent_get	16	static
../Src/timer.c:162:6:timer_period_set	24	static
../Src/timer.c:168:13:timer_period_get	16	static
../Src/timer.c:173:6:timer_prescaler_set	40	static,ignoring_inline_asm
../Src/timer.c:190:15:timer_prescale_get	16	static
../Src/timer.c:195:6:timer_recur_set	16	static
../Src/timer.c:199:6:timer_recur_get	16	static
../Src/timer.c:204:6:timer_counter_reset	16	static
../Src/timer.c:213:13:_timer_interrupt_handler	32	static
../Src/timer.c:245:6:timer_callback_set	16	static
../Src/timer.c:249:18:timer_callback_get	16	static
../Src/timer.c:262:6:TIM2_IRQHandler	8	static
../Src/timer.c:266:6:TIM3_IRQHandler	8	static
../Src/timer.c:270:6:TIM4_IRQHandler	8	static
../Src/timer.c:274:6:TIM6_DACUNDER_IRQHandler	8	static
../Src/timer.c:278:6:TIM7_IRQHandler	8	static
../Src/timer.c:282:6:TIM1_BRK_TIM15_IRQHandler	8	static
../Src/timer.c:286:6:TIM1_UP_TIM16_IRQHandler	8	static
../Src/timer.c:290:6:TIM1_TRG_COM_TIM17_IRQHandler	8	static
