../Core/Src/main.c:82:6:set_freq	24	static
../Core/Src/main.c:97:6:touch_pad_handler	16	static
../Core/Src/main.c:109:5:main	48	static
../Core/Src/main.c:232:6:SystemClock_Config	128	static
../Core/Src/main.c:281:13:MX_I2C1_Init	8	static
../Core/Src/main.c:329:13:MX_SPI1_Init	8	static
../Core/Src/main.c:369:13:MX_TIM2_Init	48	static
../Core/Src/main.c:418:13:MX_USB_PCD_Init	8	static
../Core/Src/main.c:449:13:MX_GPIO_Init	48	static
../Core/Src/main.c:504:6:Error_Handler	4	static,ignoring_inline_asm
