Archive member included to satisfy reference by file (symbol)

C:/ST/STM32CubeIDE_1.17.0/STM32CubeIDE/plugins/com.st.stm32cube.ide.mcu.externaltools.gnu-tools-for-stm32.12.3.rel1.win32_1.1.0.202410251130/tools/bin/../lib/gcc/arm-none-eabi/12.3.1/../../../../arm-none-eabi/lib/thumb/v7e-m+fp/hard\libc_nano.a(libc_a-exit.o)
                              C:/ST/STM32CubeIDE_1.17.0/STM32CubeIDE/plugins/com.st.stm32cube.ide.mcu.externaltools.gnu-tools-for-stm32.12.3.rel1.win32_1.1.0.202410251130/tools/bin/../lib/gcc/arm-none-eabi/12.3.1/../../../../arm-none-eabi/lib/thumb/v7e-m+fp/hard/crt0.o (exit)
C:/ST/STM32CubeIDE_1.17.0/STM32CubeIDE/plugins/com.st.stm32cube.ide.mcu.externaltools.gnu-tools-for-stm32.12.3.rel1.win32_1.1.0.202410251130/tools/bin/../lib/gcc/arm-none-eabi/12.3.1/../../../../arm-none-eabi/lib/thumb/v7e-m+fp/hard\libc_nano.a(libc_a-malloc.o)
                              ./Core/Src/objs/door_manager_obj.o (malloc)
C:/ST/STM32CubeIDE_1.17.0/STM32CubeIDE/plugins/com.st.stm32cube.ide.mcu.externaltools.gnu-tools-for-stm32.12.3.rel1.win32_1.1.0.202410251130/tools/bin/../lib/gcc/arm-none-eabi/12.3.1/../../../../arm-none-eabi/lib/thumb/v7e-m+fp/hard\libc_nano.a(libc_a-mallocr.o)
                              C:/ST/STM32CubeIDE_1.17.0/STM32CubeIDE/plugins/com.st.stm32cube.ide.mcu.externaltools.gnu-tools-for-stm32.12.3.rel1.win32_1.1.0.202410251130/tools/bin/../lib/gcc/arm-none-eabi/12.3.1/../../../../arm-none-eabi/lib/thumb/v7e-m+fp/hard\libc_nano.a(libc_a-malloc.o) (_malloc_r)
C:/ST/STM32CubeIDE_1.17.0/STM32CubeIDE/plugins/com.st.stm32cube.ide.mcu.externaltools.gnu-tools-for-stm32.12.3.rel1.win32_1.1.0.202410251130/tools/bin/../lib/gcc/arm-none-eabi/12.3.1/../../../../arm-none-eabi/lib/thumb/v7e-m+fp/hard\libc_nano.a(libc_a-mlock.o)
                              C:/ST/STM32CubeIDE_1.17.0/STM32CubeIDE/plugins/com.st.stm32cube.ide.mcu.externaltools.gnu-tools-for-stm32.12.3.rel1.win32_1.1.0.202410251130/tools/bin/../lib/gcc/arm-none-eabi/12.3.1/../../../../arm-none-eabi/lib/thumb/v7e-m+fp/hard\libc_nano.a(libc_a-mallocr.o) (__malloc_lock)
C:/ST/STM32CubeIDE_1.17.0/STM32CubeIDE/plugins/com.st.stm32cube.ide.mcu.externaltools.gnu-tools-for-stm32.12.3.rel1.win32_1.1.0.202410251130/tools/bin/../lib/gcc/arm-none-eabi/12.3.1/../../../../arm-none-eabi/lib/thumb/v7e-m+fp/hard\libc_nano.a(libc_a-findfp.o)
                              C:/ST/STM32CubeIDE_1.17.0/STM32CubeIDE/plugins/com.st.stm32cube.ide.mcu.externaltools.gnu-tools-for-stm32.12.3.rel1.win32_1.1.0.202410251130/tools/bin/../lib/gcc/arm-none-eabi/12.3.1/../../../../arm-none-eabi/lib/thumb/v7e-m+fp/hard\libc_nano.a(libc_a-exit.o) (__stdio_exit_handler)
C:/ST/STM32CubeIDE_1.17.0/STM32CubeIDE/plugins/com.st.stm32cube.ide.mcu.externaltools.gnu-tools-for-stm32.12.3.rel1.win32_1.1.0.202410251130/tools/bin/../lib/gcc/arm-none-eabi/12.3.1/../../../../arm-none-eabi/lib/thumb/v7e-m+fp/hard\libc_nano.a(libc_a-fwalk.o)
                              C:/ST/STM32CubeIDE_1.17.0/STM32CubeIDE/plugins/com.st.stm32cube.ide.mcu.externaltools.gnu-tools-for-stm32.12.3.rel1.win32_1.1.0.202410251130/tools/bin/../lib/gcc/arm-none-eabi/12.3.1/../../../../arm-none-eabi/lib/thumb/v7e-m+fp/hard\libc_nano.a(libc_a-findfp.o) (_fwalk_sglue)
C:/ST/STM32CubeIDE_1.17.0/STM32CubeIDE/plugins/com.st.stm32cube.ide.mcu.externaltools.gnu-tools-for-stm32.12.3.rel1.win32_1.1.0.202410251130/tools/bin/../lib/gcc/arm-none-eabi/12.3.1/../../../../arm-none-eabi/lib/thumb/v7e-m+fp/hard\libc_nano.a(libc_a-sprintf.o)
                              ./Core/Src/main.o (sprintf)
C:/ST/STM32CubeIDE_1.17.0/STM32CubeIDE/plugins/com.st.stm32cube.ide.mcu.externaltools.gnu-tools-for-stm32.12.3.rel1.win32_1.1.0.202410251130/tools/bin/../lib/gcc/arm-none-eabi/12.3.1/../../../../arm-none-eabi/lib/thumb/v7e-m+fp/hard\libc_nano.a(libc_a-stdio.o)
                              C:/ST/STM32CubeIDE_1.17.0/STM32CubeIDE/plugins/com.st.stm32cube.ide.mcu.externaltools.gnu-tools-for-stm32.12.3.rel1.win32_1.1.0.202410251130/tools/bin/../lib/gcc/arm-none-eabi/12.3.1/../../../../arm-none-eabi/lib/thumb/v7e-m+fp/hard\libc_nano.a(libc_a-findfp.o) (__sread)
C:/ST/STM32CubeIDE_1.17.0/STM32CubeIDE/plugins/com.st.stm32cube.ide.mcu.externaltools.gnu-tools-for-stm32.12.3.rel1.win32_1.1.0.202410251130/tools/bin/../lib/gcc/arm-none-eabi/12.3.1/../../../../arm-none-eabi/lib/thumb/v7e-m+fp/hard\libc_nano.a(libc_a-memset.o)
                              C:/ST/STM32CubeIDE_1.17.0/STM32CubeIDE/plugins/com.st.stm32cube.ide.mcu.externaltools.gnu-tools-for-stm32.12.3.rel1.win32_1.1.0.202410251130/tools/bin/../lib/gcc/arm-none-eabi/12.3.1/../../../../arm-none-eabi/lib/thumb/v7e-m+fp/hard/crt0.o (memset)
C:/ST/STM32CubeIDE_1.17.0/STM32CubeIDE/plugins/com.st.stm32cube.ide.mcu.externaltools.gnu-tools-for-stm32.12.3.rel1.win32_1.1.0.202410251130/tools/bin/../lib/gcc/arm-none-eabi/12.3.1/../../../../arm-none-eabi/lib/thumb/v7e-m+fp/hard\libc_nano.a(libc_a-closer.o)
[...]
Memory Configuration

Name             Origin             Length             Attributes
CCMRAM           0x10000000         0x00002000         xrw
RAM              0x20000000         0x0000a000         xrw
FLASH            0x08000000         0x00040000         xr
*default*        0x00000000         0xffffffff

Linker script and memory map

LOAD C:/ST/STM32CubeIDE_1.17.0/STM32CubeIDE/plugins/com.st.stm32cube.ide.mcu.externaltools.gnu-tools-for-stm32.12.3.rel1.win32_1.1.0.202410251130/tools/bin/../lib/gcc/arm-none-eabi/12.3.1/thumb/v7e-m+fp/hard/crti.o
LOAD C:/ST/STM32CubeIDE_1.17.0/STM32CubeIDE/plugins/com.st.stm32cube.ide.mcu.externaltools.gnu-tools-for-stm32.12.3.rel1.win32_1.1.0.202410251130/tools/bin/../lib/gcc/arm-none-eabi/12.3.1/thumb/v7e-m+fp/hard/crtbegin.o
LOAD C:/ST/STM32CubeIDE_1.17.0/STM32CubeIDE/plugins/com.st.stm32cube.ide.mcu.externaltools.gnu-tools-for-stm32.12.3.rel1.win32_1.1.0.202410251130/tools/bin/../lib/gcc/arm-none-eabi/12.3.1/../../../../arm-none-eabi/lib/thumb/v7e-m+fp/hard/crt0.o
LOAD ./Core/Src/main.o
LOAD ./Core/Src/stm32f3xx_hal_msp.o
LOAD ./Core/Src/stm32f3xx_it.o
LOAD ./Core/Src/syscalls.o
LOAD ./Core/Src/sysmem.o
LOAD ./Core/Src/system_stm32f3xx.o
LOAD ./Core/Src/objs/GPIO.o
LOAD ./Core/Src/objs/door_manager_obj.o
LOAD ./Core/Src/objs/door_obj.o
LOAD ./Core/Src/objs/gpio_josh.o
LOAD ./Core/Src/objs/gpio_new.o
LOAD ./Core/Src/objs/serial_josh.o
LOAD ./Core/Src/objs/servo_driver_obj.o
LOAD ./Core/Src/objs/timer_josh.o
LOAD ./Core/Src/utils/utils.o
LOAD ./Core/Startup/startup_stm32f303vctx.o
LOAD ./Drivers/STM32F3xx_HAL_Driver/Src/stm32f3xx_hal.o
LOAD ./Drivers/STM32F3xx_HAL_Driver/Src/stm32f3xx_hal_cortex.o
LOAD ./Drivers/STM32F3xx_HAL_Driver/Src/stm32f3xx_hal_dma.o
LOAD ./Drivers/STM32F3xx_HAL_Driver/Src/stm32f3xx_hal_exti.o
LOAD ./Drivers/STM32F3xx_HAL_Driver/Src/stm32f3xx_hal_flash.o
LOAD ./Drivers/STM32F3xx_HAL_Driver/Src/stm32f3xx_hal_flash_ex.o
LOAD ./Drivers/STM32F3xx_HAL_Driver/Src/stm32f3xx_hal_gpio.o
LOAD ./Drivers/STM32F3xx_HAL_Driver/Src/stm32f3xx_hal_i2c.o
LOAD ./Drivers/STM32F3xx_HAL_Driver/Src/stm32f3xx_hal_i2c_ex.o
LOAD ./Drivers/STM32F3xx_HAL_Driver/Src/stm32f3xx_hal_pcd.o
LOAD ./Drivers/STM32F3xx_HAL_Driver/Src/stm32f3xx_hal_pcd_ex.o
LOAD ./Drivers/STM32F3xx_HAL_Driver/Src/stm32f3xx_hal_pwr.o
LOAD ./Drivers/STM32F3xx_HAL_Driver/Src/stm32f3xx_hal_pwr_ex.o
LOAD ./Drivers/STM32F3xx_HAL_Driver/Src/stm32f3xx_hal_rcc.o
LOAD ./Drivers/STM32F3xx_HAL_Driver/Src/stm32f3xx_hal_rcc_ex.o
LOAD ./Drivers/STM32F3xx_HAL_Driver/Src/stm32f3xx_hal_spi.o
LOAD ./Drivers/STM32F3xx_HAL_Driver/Src/stm32f3xx_hal_spi_ex.o
LOAD ./Drivers/STM32F3xx_HAL_Driver/Src/stm32f3xx_hal_tim.o
LOAD ./Drivers/STM32F3xx_HAL_Driver/Src/stm32f3xx_hal_tim_ex.o
LOAD ./Drivers/STM32F3xx_HAL_Driver/Src/stm32f3xx_ll_usb.o
START GROUP
LOAD C:/ST/STM32CubeIDE_1.17.0/STM32CubeIDE/plugins/com.st.stm32cube.ide.mcu.externaltools.gnu-tools-for-stm32.12.3.rel1.win32_1.1.0.202410251130/tools/bin/../lib/gcc/arm-none-eabi/12.3.1/../../../../arm-none-eabi/lib/thumb/v7e-m+fp/hard\libc_nano.a
LOAD C:/ST/STM32CubeIDE_1.17.0/STM32CubeIDE/plugins/com.st.stm32cube.ide.mcu.externaltools.gnu-tools-for-stm32.12.3.rel1.win32_1.1.0.202410251130/tools/bin/../lib/gcc/arm-none-eabi/12.3.1/../../../../arm-none-eabi/lib/thumb/v7e-m+fp/hard\libm.a
END GROUP
START GROUP
LOAD C:/ST/STM32CubeIDE_1.17.0/STM32CubeIDE/plugins/com.st.stm32cube.ide.mcu.externaltools.gnu-tools-for-stm32.12.3.rel1.win32_1.1.0.202410251130/tools/bin/../lib/gcc/arm-none-eabi/12.3.1/thumb/v7e-m+fp/hard\libgcc.a
LOAD C:/ST/STM32CubeIDE_1.17.0/STM32CubeIDE/plugins/com.st.stm32cube.ide.mcu.externaltools.gnu-tools-for-stm32.12.3.rel1.win32_1.1.0.202410251130/tools/bin/../lib/gcc/arm-none-eabi/12.3.1/../../../../arm-none-eabi/lib/thumb/v7e-m+fp/hard\libc_nano.a
END GROUP
START GROUP
LOAD C:/ST/STM32CubeIDE_1.17.0/STM32CubeIDE/plugins/com.st.stm32cube.ide.mcu.externaltools.gnu-tools-for-stm32.12.3.rel1.win32_1.1.0.202410251130/tools/bin/../lib/gcc/arm-none-eabi/12.3.1/thumb/v7e-m+fp/hard\libgcc.a
LOAD C:/ST/STM32CubeIDE_1.17.0/STM32CubeIDE/plugins/com.st.stm32cube.ide.mcu.externaltools.gnu-tools-for-stm32.12.3.rel1.win32_1.1.0.202410251130/tools/bin/../lib/gcc/arm-none-eabi/12.3.1/../../../../arm-none-eabi/lib/thumb/v7e-m+fp/hard\libc_nano.a
LOAD C:/ST/STM32CubeIDE_1.17.0/STM32CubeIDE/plugins/com.st.stm32cube.ide.mcu.externaltools.gnu-tools-for-stm32.12.3.rel1.win32_1.1.0.202410251130/tools/bin/../lib/gcc/arm-none-eabi/12.3.1/../../../../arm-none-eabi/lib/thumb/v7e-m+fp/hard\libnosys.a
END GROUP
START GROUP
LOAD C:/ST/STM32CubeIDE_1.17.0/STM32CubeIDE/plugins/com.st.stm32cube.ide.mcu.externaltools.gnu-tools-for-stm32.12.3.rel1.win32_1.1.0.202410251130/tools/bin/../lib/gcc/arm-none-eabi/12.3.1/thumb/v7e-m+fp/hard\libgcc.a
LOAD C:/ST/STM32CubeIDE_1.17.0/STM32CubeIDE/plugins/com.st.stm32cube.ide.mcu.externaltools.gnu-tools-for-stm32.12.3.rel1.win32_1.1.0.202410251130/tools/bin/../lib/gcc/arm-none-eabi/12.3.1/../../../../arm-none-eabi/lib/thumb/v7e-m+fp/hard\libc_nano.a
LOAD C:/ST/STM32CubeIDE_1.17.0/STM32CubeIDE/plugins/com.st.stm32cube.ide.mcu.externaltools.gnu-tools-for-stm32.12.3.rel1.win32_1.1.0.202410251130/tools/bin/../lib/gcc/arm-none-eabi/12.3.1/../../../../arm-none-eabi/lib/thumb/v7e-m+fp/hard\libnosys.a
END GROUP
LOAD C:/ST/STM32CubeIDE_1.17.0/STM32CubeIDE/plugins/com.st.stm32cube.ide.mcu.externaltools.gnu-tools-for-stm32.12.3.rel1.win32_1.1.0.202410251130/tools/bin/../lib/gcc/arm-none-eabi/12.3.1/thumb/v7e-m+fp/hard/crtend.o
LOAD C:/ST/STM32CubeIDE_1.17.0/STM32CubeIDE/plugins/com.st.stm32cube.ide.mcu.externaltools.gnu-tools-for-stm32.12.3.rel1.win32_1.1.0.202410251130/tools/bin/../lib/gcc/arm-none-eabi/12.3.1/thumb/v7e-m+fp/hard/crtn.o
                0x2000a000                        _estack = (ORIGIN (RAM) + LENGTH (RAM))
                0x00000200                        _Min_Heap_Size = 0x200
                0x00000400                        _Min_Stack_Size = 0x400

.isr_vector     0x08000000      0x188
                0x08000000                        . = ALIGN (0x4)
 *(.isr_vector)
 .isr_vector    0x08000000      0x188 ./Core/Startup/startup_stm32f303vctx.o
                0x08000000                g_pfnVectors
                0x08000188                        . = ALIGN (0x4)

.text           0x08000190     0x6124
                0x08000190                        . = ALIGN (0x4)
 *(.text)
 .text          0x08000190       0x40 C:/ST/STM32CubeIDE_1.17.0/STM32CubeIDE/plugins/com.st.stm32cube.ide.mcu.externaltools.gnu-tools-for-stm32.12.3.rel1.win32_1.1.0.202410251130/tools/bin/../lib/gcc/arm-none-eabi/12.3.1/thumb/v7e-m+fp/hard/crtbegin.o
 .text          0x080001d0       0x14 C:/ST/STM32CubeIDE_1.17.0/STM32CubeIDE/plugins/com.st.stm32cube.ide.mcu.externaltools.gnu-tools-for-stm32.12.3.rel1.win32_1.1.0.202410251130/tools/bin/../lib/gcc/arm-none-eabi/12.3.1/../../../../arm-none-eabi/lib/thumb/v7e-m+fp/hard\libc_nano.a(libc_a-strcmp.o)
                0x080001d0                strcmp
 *fill*         0x080001e4        0xc 
 .text          0x080001f0       0xa0 C:/ST/STM32CubeIDE_1.17.0/STM32CubeIDE/plugins/com.st.stm32cube.ide.mcu.externaltools.gnu-tools-for-stm32.12.3.rel1.win32_1.1.0.202410251130/tools/bin/../lib/gcc/arm-none-eabi/12.3.1/../../../../arm-none-eabi/lib/thumb/v7e-m+fp/hard\libc_nano.a(libc_a-memchr.o)
                0x080001f0                memchr
 *(.text*)
 .text.transmit_game_state
                0x08000290       0x34 ./Core/Src/main.o
                0x08000290                transmit_game_state
 .text.fn_a     0x080002c4       0x44 ./Core/Src/main.o
 .text.start_game
                0x08000308       0xc0 ./Core/Src/main.o
                0x08000308                start_game
 .text.update_game_state
                0x080003c8       0x62 ./Core/Src/main.o
                0x080003c8                update_game_state
 *fill*         0x0800042a        0x2 
 .text.check_game_over
                0x0800042c       0x78 ./Core/Src/main.o
                0x0800042c                check_game_over
 .text.handle_touch
                0x080004a4       0x22 ./Core/Src/main.o
                0x080004a4                handle_touch
 .text.output_callback
                0x080004c6        0xe ./Core/Src/main.o
                0x080004c6                output_callback
 .text.input_callback
                0x080004d4       0x48 ./Core/Src/main.o
                0x080004d4                input_callback
 .text.main     0x0800051c      0x2bc ./Core/Src/main.o
                0x0800051c                main
 .text.SystemClock_Config
                0x080007d8       0xc4 ./Core/Src/main.o
                0x080007d8                SystemClock_Config
 .text.MX_I2C1_Init
                0x0800089c       0x80 ./Core/Src/main.o
 .text.MX_SPI1_Init
                0x0800091c       0x7c ./Core/Src/main.o
 .text.MX_TIM2_Init
                0x08000998       0xb4 ./Core/Src/main.o
 .text.MX_USB_PCD_Init
                0x08000a4c       0x44 ./Core/Src/main.o
 .text.MX_GPIO_Init
                0x08000a90       0xfc ./Core/Src/main.o
 .text.Error_Handler
                0x08000b8c        0xc ./Core/Src/main.o
                0x08000b8c                Error_Handler
 .text.HAL_MspInit
                0x08000b98       0x48 ./Core/Src/stm32f3xx_hal_msp.o
                0x08000b98                HAL_MspInit
 .text.HAL_I2C_MspInit
                0x08000be0       0x88 ./Core/Src/stm32f3xx_hal_msp.o
                0x08000be0                HAL_I2C_MspInit
 .text.HAL_SPI_MspInit
                0x08000c68       0x84 ./Core/Src/stm32f3xx_hal_msp.o
                0x08000c68                HAL_SPI_MspInit
 .text.HAL_TIM_PWM_MspInit
                0x08000cec       0x3c ./Core/Src/stm32f3xx_hal_msp.o
                0x08000cec                HAL_TIM_PWM_MspInit
 .text.HAL_TIM_MspPostInit
                0x08000d28       0x6c ./Core/Src/stm32f3xx_hal_msp.o
                0x08000d28                HAL_TIM_MspPostInit
 .text.HAL_PCD_MspInit
                0x08000d94       0x88 ./Core/Src/stm32f3xx_hal_msp.o
                0x08000d94                HAL_PCD_MspInit
 .text.NMI_Handler
                0x08000e1c        0x8 ./Core/Src/stm32f3xx_it.o
                0x08000e1c                NMI_Handler
 .text.HardFault_Handler
                0x08000e24        0x8 ./Core/Src/stm32f3xx_it.o
                0x08000e24                HardFault_Handler
 .text.MemManage_Handler
                0x08000e2c        0x8 ./Core/Src/stm32f3xx_it.o
                0x08000e2c                MemManage_Handler
 .text.BusFault_Handler
                0x08000e34        0x8 ./Core/Src/stm32f3xx_it.o
                0x08000e34                BusFault_Handler
 .text.UsageFault_Handler
                0x08000e3c        0x8 ./Core/Src/stm32f3xx_it.o
                0x08000e3c                UsageFault_Handler
 .text.SVC_Handler
                0x08000e44        0xe ./Core/Src/stm32f3xx_it.o
                0x08000e44                SVC_Handler
 .text.DebugMon_Handler
                0x08000e52        0xe ./Core/Src/stm32f3xx_it.o
                0x08000e52                DebugMon_Handler
 .text.PendSV_Handler
                0x08000e60        0xe ./Core/Src/stm32f3xx_it.o
                0x08000e60                PendSV_Handler
 .text.SysTick_Handler
                0x08000e6e        0xc ./Core/Src/stm32f3xx_it.o
                0x08000e6e                SysTick_Handler
 *fill*         0x08000e7a        0x2 
 .text._sbrk    0x08000e7c       0x6c ./Core/Src/sysmem.o
                0x08000e7c                _sbrk
 .text.SystemInit
                0x08000ee8       0x24 ./Core/Src/system_stm32f3xx.o
                0x08000ee8                SystemInit
 .text.init_door_manager
                0x08000f0c       0x90 ./Core/Src/objs/door_manager_obj.o
                0x08000f0c                init_door_manager
 .text.door_manager_set_angle
                0x08000f9c       0x60 ./Core/Src/objs/door_manager_obj.o
                0x08000f9c                door_manager_set_angle
 .text.door_manager_reset
                0x08000ffc       0x48 ./Core/Src/objs/door_manager_obj.o
                0x08000ffc                door_manager_reset
 .text.door_manager_update
                0x08001044       0x3a ./Core/Src/objs/door_manager_obj.o
                0x08001044                door_manager_update
 .text.init_door
                0x0800107e       0x3a ./Core/Src/objs/door_obj.o
                0x0800107e                init_door
 .text.door_set_angle_stable
                0x080010b8       0x24 ./Core/Src/objs/door_obj.o
                0x080010b8                door_set_angle_stable
 .text.door_update
                0x080010dc      0x124 ./Core/Src/objs/door_obj.o
                0x080010dc                door_update
 .text.__NVIC_EnableIRQ
                0x08001200       0x3c ./Core/Src/objs/gpio_new.o
 .text.create_mask
                0x0800123c       0x34 ./Core/Src/objs/gpio_new.o
                0x0800123c                create_mask
 .text.init_port
                0x08001270      0x1fc ./Core/Src/objs/gpio_new.o
                0x08001270                init_port
 .text.initialise_touch
                0x0800146c       0x74 ./Core/Src/objs/gpio_new.o
                0x0800146c                initialise_touch
 .text.enable_touch_interrupts
                0x080014e0       0x78 ./Core/Src/objs/gpio_new.o
                0x080014e0                enable_touch_interrupts
 .text.touch_register_callback
                0x08001558       0x2c ./Core/Src/objs/gpio_new.o
                0x08001558                touch_register_callback
 .text.display_number
                0x08001584       0x38 ./Core/Src/objs/gpio_new.o
                0x08001584                display_number
 .text.EXTI0_IRQHandler
                0x080015bc       0x2c ./Core/Src/objs/gpio_new.o
                0x080015bc                EXTI0_IRQHandler
 .text.EXTI1_IRQHandler
                0x080015e8       0x4c ./Core/Src/objs/gpio_new.o
                0x080015e8                EXTI1_IRQHandler
 .text.EXTI2_TSC_IRQHandler
                0x08001634       0x4c ./Core/Src/objs/gpio_new.o
                0x08001634                EXTI2_TSC_IRQHandler
 .text.EXTI3_IRQHandler
                0x08001680       0x4c ./Core/Src/objs/gpio_new.o
                0x08001680                EXTI3_IRQHandler
 .text.EXTI4_IRQHandler
                0x080016cc       0x4c ./Core/Src/objs/gpio_new.o
                0x080016cc                EXTI4_IRQHandler
 .text.EXTI9_5_IRQHandler
                0x08001718       0x90 ./Core/Src/objs/gpio_new.o
                0x08001718                EXTI9_5_IRQHandler
 .text.EXTI15_10_IRQHandler
                0x080017a8       0x6c ./Core/Src/objs/gpio_new.o
                0x080017a8                EXTI15_10_IRQHandler
 .text.__NVIC_EnableIRQ
                0x08001814       0x3c ./Core/Src/objs/serial_josh.o
 .text.__NVIC_SetPriority
                0x08001850       0x54 ./Core/Src/objs/serial_josh.o
 .text.calculate_brr
                0x080018a4       0x24 ./Core/Src/objs/serial_josh.o
 .text.get_pclk_freq
                0x080018c8       0x4c ./Core/Src/objs/serial_josh.o
 .text.serial_initialise
                0x08001914       0xc8 ./Core/Src/objs/serial_josh.o
                0x08001914                serial_initialise
 .text.serial_output_char
                0x080019dc       0x32 ./Core/Src/objs/serial_josh.o
                0x080019dc                serial_output_char
 .text.serial_output_string
                0x08001a0e       0x46 ./Core/Src/objs/serial_josh.o
                0x08001a0e                serial_output_string
 .text.enable_interrupts
                0x08001a54       0x36 ./Core/Src/objs/serial_josh.o
                0x08001a54                enable_interrupts
 *fill*         0x08001a8a        0x2 
 .text.USART1_IRQHandler
                0x08001a8c      0x108 ./Core/Src/objs/serial_josh.o
                0x08001a8c                USART1_IRQHandler
 .text.init_servo_driver
                0x08001b94       0x84 ./Core/Src/objs/servo_driver_obj.o
                0x08001b94                init_servo_driver
 .text.servo_driver_write_reg
                0x08001c18       0x40 ./Core/Src/objs/servo_driver_obj.o
                0x08001c18                servo_driver_write_reg
 .text.servo_driver_en_chans
                0x08001c58       0x66 ./Core/Src/objs/servo_driver_obj.o
                0x08001c58                servo_driver_en_chans
 *fill*         0x08001cbe        0x2 
 .text.servo_driver_set_angle
                0x08001cc0      0x10c ./Core/Src/objs/servo_driver_obj.o
                0x08001cc0                servo_driver_set_angle
 .text.servo_driver_query_angle
                0x08001dcc       0x2a ./Core/Src/objs/servo_driver_obj.o
                0x08001dcc                servo_driver_query_angle
 *fill*         0x08001df6        0x2 
 .text.__NVIC_EnableIRQ
                0x08001df8       0x3c ./Core/Src/objs/timer_josh.o
 .text.timer_init
                0x08001e34       0xc4 ./Core/Src/objs/timer_josh.o
                0x08001e34                timer_init
 .text.timer_enable_set
                0x08001ef8       0x88 ./Core/Src/objs/timer_josh.o
                0x08001ef8                timer_enable_set
 .text.timer_silent_set
                0x08001f80       0x34 ./Core/Src/objs/timer_josh.o
                0x08001f80                timer_silent_set
 .text.timer_period_set
                0x08001fb4       0x48 ./Core/Src/objs/timer_josh.o
                0x08001fb4                timer_period_set
 .text.timer_prescaler_set
                0x08001ffc       0x88 ./Core/Src/objs/timer_josh.o
                0x08001ffc                timer_prescaler_set
 .text.timer_recur_set
                0x08002084       0x34 ./Core/Src/objs/timer_josh.o
                0x08002084                timer_recur_set
 .text.timer_counter_reset
                0x080020b8       0x28 ./Core/Src/objs/timer_josh.o
                0x080020b8                timer_counter_reset
 .text._timer_interrupt_handler
                0x080020e0       0xac ./Core/Src/objs/timer_josh.o
 .text.timer_callback_set
                0x0800218c       0x30 ./Core/Src/objs/timer_josh.o
                0x0800218c                timer_callback_set
 .text.TIM2_IRQHandler
                0x080021bc       0x14 ./Core/Src/objs/timer_josh.o
                0x080021bc                TIM2_IRQHandler
 .text.TIM3_IRQHandler
                0x080021d0       0x14 ./Core/Src/objs/timer_josh.o
                0x080021d0                TIM3_IRQHandler
 .text.TIM4_IRQHandler
                0x080021e4       0x14 ./Core/Src/objs/timer_josh.o
                0x080021e4                TIM4_IRQHandler
 .text.TIM7_IRQHandler
                0x080021f8       0x14 ./Core/Src/objs/timer_josh.o
                0x080021f8                TIM7_IRQHandler
 .text.TIM1_BRK_TIM15_IRQHandler
                0x0800220c       0x14 ./Core/Src/objs/timer_josh.o
                0x0800220c                TIM1_BRK_TIM15_IRQHandler
 .text.TIM1_UP_TIM16_IRQHandler
                0x08002220       0x14 ./Core/Src/objs/timer_josh.o
                0x08002220                TIM1_UP_TIM16_IRQHandler
 .text.TIM1_TRG_COM_TIM17_IRQHandler
                0x08002234       0x14 ./Core/Src/objs/timer_josh.o
                0x08002234                TIM1_TRG_COM_TIM17_IRQHandler
 .text.map_range
                0x08002248       0x5c ./Core/Src/utils/utils.o
                0x08002248                map_range
 .text.clamp    0x080022a4       0x52 ./Core/Src/utils/utils.o
                0x080022a4                clamp
 *fill*         0x080022f6        0x2 
 .text.bezier1D
                0x080022f8      0x104 ./Core/Src/utils/utils.o
                0x080022f8                bezier1D
 .text.Reset_Handler
                0x080023fc       0x50 ./Core/Startup/startup_stm32f303vctx.o
                0x080023fc                Reset_Handler
 .text.Default_Handler
                0x0800244c        0x2 ./Core/Startup/startup_stm32f303vctx.o
                0x0800244c                RTC_Alarm_IRQHandler
                0x0800244c                TIM8_TRG_COM_IRQHandler
                0x0800244c                TIM8_CC_IRQHandler
                0x0800244c                TIM1_CC_IRQHandler
                0x0800244c                USB_HP_IRQHandler
                0x0800244c                PVD_IRQHandler
                0x0800244c                TAMP_STAMP_IRQHandler
                0x0800244c                USB_HP_CAN_TX_IRQHandler
                0x0800244c                I2C2_EV_IRQHandler
                0x0800244c                FPU_IRQHandler
                0x0800244c                ADC1_2_IRQHandler
                0x0800244c                SPI1_IRQHandler
                0x0800244c                CAN_SCE_IRQHandler
                0x0800244c                TIM6_DAC_IRQHandler
                0x0800244c                TIM8_UP_IRQHandler
                0x0800244c                DMA2_Channel2_IRQHandler
                0x0800244c                DMA1_Channel4_IRQHandler
                0x0800244c                USART3_IRQHandler
                0x0800244c                DMA1_Channel7_IRQHandler
                0x0800244c                UART5_IRQHandler
                0x0800244c                ADC3_IRQHandler
                0x0800244c                CAN_RX1_IRQHandler
                0x0800244c                DMA2_Channel1_IRQHandler
                0x0800244c                I2C1_EV_IRQHandler
                0x0800244c                DMA1_Channel6_IRQHandler
                0x0800244c                UART4_IRQHandler
                0x0800244c                DMA2_Channel4_IRQHandler
                0x0800244c                RCC_IRQHandler
                0x0800244c                DMA1_Channel1_IRQHandler
                0x0800244c                Default_Handler
                0x0800244c                USBWakeUp_RMP_IRQHandler
                0x0800244c                RTC_WKUP_IRQHandler
                0x0800244c                SPI2_IRQHandler
                0x0800244c                USB_LP_CAN_RX0_IRQHandler
                0x0800244c                DMA2_Channel5_IRQHandler
                0x0800244c                DMA1_Channel5_IRQHandler
                0x0800244c                USB_LP_IRQHandler
                0x0800244c                DMA1_Channel3_IRQHandler
                0x0800244c                ADC4_IRQHandler
                0x0800244c                WWDG_IRQHandler
                0x0800244c                COMP7_IRQHandler
                0x0800244c                COMP1_2_3_IRQHandler
                0x0800244c                USART2_IRQHandler
                0x0800244c                COMP4_5_6_IRQHandler
                0x0800244c                I2C2_ER_IRQHandler
                0x0800244c                DMA1_Channel2_IRQHandler
                0x0800244c                TIM8_BRK_IRQHandler
                0x0800244c                FLASH_IRQHandler
                0x0800244c                SPI3_IRQHandler
                0x0800244c                I2C1_ER_IRQHandler
                0x0800244c                USBWakeUp_IRQHandler
                0x0800244c                DMA2_Channel3_IRQHandler
 *fill*         0x0800244e        0x2 
 .text.HAL_Init
                0x08002450       0x2c ./Drivers/STM32F3xx_HAL_Driver/Src/stm32f3xx_hal.o
                0x08002450                HAL_Init
 .text.HAL_InitTick
                0x0800247c       0x60 ./Drivers/STM32F3xx_HAL_Driver/Src/stm32f3xx_hal.o
                0x0800247c                HAL_InitTick
 .text.HAL_IncTick
                0x080024dc       0x28 ./Drivers/STM32F3xx_HAL_Driver/Src/stm32f3xx_hal.o
                0x080024dc                HAL_IncTick
 .text.HAL_GetTick
                0x08002504       0x18 ./Drivers/STM32F3xx_HAL_Driver/Src/stm32f3xx_hal.o
                0x08002504                HAL_GetTick
 .text.HAL_Delay
                0x0800251c       0x48 ./Drivers/STM32F3xx_HAL_Driver/Src/stm32f3xx_hal.o
                0x0800251c                HAL_Delay
 .text.__NVIC_SetPriorityGrouping
                0x08002564       0x48 ./Drivers/STM32F3xx_HAL_Driver/Src/stm32f3xx_hal_cortex.o
 .text.__NVIC_GetPriorityGrouping
                0x080025ac       0x1c ./Drivers/STM32F3xx_HAL_Driver/Src/stm32f3xx_hal_cortex.o
 .text.__NVIC_SetPriority
                0x080025c8       0x54 ./Drivers/STM32F3xx_HAL_Driver/Src/stm32f3xx_hal_cortex.o
 .text.NVIC_EncodePriority
                0x0800261c       0x66 ./Drivers/STM32F3xx_HAL_Driver/Src/stm32f3xx_hal_cortex.o
 *fill*         0x08002682        0x2 
 .text.SysTick_Config
                0x08002684       0x44 ./Drivers/STM32F3xx_HAL_Driver/Src/stm32f3xx_hal_cortex.o
 .text.HAL_NVIC_SetPriorityGrouping
                0x080026c8       0x16 ./Drivers/STM32F3xx_HAL_Driver/Src/stm32f3xx_hal_cortex.o
                0x080026c8                HAL_NVIC_SetPriorityGrouping
 .text.HAL_NVIC_SetPriority
                0x080026de       0x38 ./Drivers/STM32F3xx_HAL_Driver/Src/stm32f3xx_hal_cortex.o
                0x080026de                HAL_NVIC_SetPriority
 .text.HAL_SYSTICK_Config
                0x08002716       0x18 ./Drivers/STM32F3xx_HAL_Driver/Src/stm32f3xx_hal_cortex.o
                0x08002716                HAL_SYSTICK_Config
 *fill*         0x0800272e        0x2 
 .text.HAL_GPIO_Init
                0x08002730      0x2f4 ./Drivers/STM32F3xx_HAL_Driver/Src/stm32f3xx_hal_gpio.o
                0x08002730                HAL_GPIO_Init
 .text.HAL_GPIO_WritePin
                0x08002a24       0x30 ./Drivers/STM32F3xx_HAL_Driver/Src/stm32f3xx_hal_gpio.o
                0x08002a24                HAL_GPIO_WritePin
 .text.HAL_I2C_Init
                0x08002a54      0x136 ./Drivers/STM32F3xx_HAL_Driver/Src/stm32f3xx_hal_i2c.o
                0x08002a54                HAL_I2C_Init
 *fill*         0x08002b8a        0x2 
 .text.HAL_I2C_Mem_Write
                0x08002b8c      0x228 ./Drivers/STM32F3xx_HAL_Driver/Src/stm32f3xx_hal_i2c.o
                0x08002b8c                HAL_I2C_Mem_Write
 .text.I2C_RequestMemoryWrite
                0x08002db4       0xa8 ./Drivers/STM32F3xx_HAL_Driver/Src/stm32f3xx_hal_i2c.o
 .text.I2C_Flush_TXDR
                0x08002e5c       0x48 ./Drivers/STM32F3xx_HAL_Driver/Src/stm32f3xx_hal_i2c.o
 .text.I2C_WaitOnFlagUntilTimeout
                0x08002ea4       0xb2 ./Drivers/STM32F3xx_HAL_Driver/Src/stm32f3xx_hal_i2c.o
 .text.I2C_WaitOnTXISFlagUntilTimeout
                0x08002f56       0x8e ./Drivers/STM32F3xx_HAL_Driver/Src/stm32f3xx_hal_i2c.o
 .text.I2C_WaitOnSTOPFlagUntilTimeout
                0x08002fe4       0x86 ./Drivers/STM32F3xx_HAL_Driver/Src/stm32f3xx_hal_i2c.o
 *fill*         0x0800306a        0x2 
 .text.I2C_IsErrorOccurred
                0x0800306c      0x1c0 ./Drivers/STM32F3xx_HAL_Driver/Src/stm32f3xx_hal_i2c.o
 .text.I2C_TransferConfig
                0x0800322c       0x64 ./Drivers/STM32F3xx_HAL_Driver/Src/stm32f3xx_hal_i2c.o
 .text.HAL_I2CEx_ConfigAnalogFilter
                0x08003290       0x96 ./Drivers/STM32F3xx_HAL_Driver/Src/stm32f3xx_hal_i2c_ex.o
                0x08003290                HAL_I2CEx_ConfigAnalogFilter
 .text.HAL_I2CEx_ConfigDigitalFilter
                0x08003326       0x98 ./Drivers/STM32F3xx_HAL_Driver/Src/stm32f3xx_hal_i2c_ex.o
                0x08003326                HAL_I2CEx_ConfigDigitalFilter
 .text.HAL_PCD_Init
                0x080033be      0x18e ./Drivers/STM32F3xx_HAL_Driver/Src/stm32f3xx_hal_pcd.o
                0x080033be                HAL_PCD_Init
 .text.HAL_RCC_OscConfig
                0x0800354c     0x107c ./Drivers/STM32F3xx_HAL_Driver/Src/stm32f3xx_hal_rcc.o
                0x0800354c                HAL_RCC_OscConfig
 .text.HAL_RCC_ClockConfig
                0x080045c8      0x2f8 ./Drivers/STM32F3xx_HAL_Driver/Src/stm32f3xx_hal_rcc.o
                0x080045c8                HAL_RCC_ClockConfig
 .text.HAL_RCC_GetSysClockFreq
                0x080048c0       0xa8 ./Drivers/STM32F3xx_HAL_Driver/Src/stm32f3xx_hal_rcc.o
                0x080048c0                HAL_RCC_GetSysClockFreq
 .text.HAL_RCCEx_PeriphCLKConfig
                0x08004968      0x360 ./Drivers/STM32F3xx_HAL_Driver/Src/stm32f3xx_hal_rcc_ex.o
                0x08004968                HAL_RCCEx_PeriphCLKConfig
 .text.HAL_SPI_Init
                0x08004cc8      0x156 ./Drivers/STM32F3xx_HAL_Driver/Src/stm32f3xx_hal_spi.o
                0x08004cc8                HAL_SPI_Init
 .text.HAL_TIM_PWM_Init
                0x08004e1e       0xae ./Drivers/STM32F3xx_HAL_Driver/Src/stm32f3xx_hal_tim.o
                0x08004e1e                HAL_TIM_PWM_Init
 .text.HAL_TIM_PWM_ConfigChannel
                0x08004ecc      0x228 ./Drivers/STM32F3xx_HAL_Driver/Src/stm32f3xx_hal_tim.o
                0x08004ecc                HAL_TIM_PWM_ConfigChannel
 .text.TIM_Base_SetConfig
                0x080050f4      0x138 ./Drivers/STM32F3xx_HAL_Driver/Src/stm32f3xx_hal_tim.o
                0x080050f4                TIM_Base_SetConfig
 .text.TIM_OC1_SetConfig
                0x0800522c      0x120 ./Drivers/STM32F3xx_HAL_Driver/Src/stm32f3xx_hal_tim.o
 .text.TIM_OC2_SetConfig
                0x0800534c      0x114 ./Drivers/STM32F3xx_HAL_Driver/Src/stm32f3xx_hal_tim.o
                0x0800534c                TIM_OC2_SetConfig
 .text.TIM_OC3_SetConfig
                0x08005460      0x110 ./Drivers/STM32F3xx_HAL_Driver/Src/stm32f3xx_hal_tim.o
 .text.TIM_OC4_SetConfig
                0x08005570       0xd4 ./Drivers/STM32F3xx_HAL_Driver/Src/stm32f3xx_hal_tim.o
 .text.TIM_OC5_SetConfig
                0x08005644       0xc8 ./Drivers/STM32F3xx_HAL_Driver/Src/stm32f3xx_hal_tim.o
 .text.TIM_OC6_SetConfig
                0x0800570c       0xcc ./Drivers/STM32F3xx_HAL_Driver/Src/stm32f3xx_hal_tim.o
 .text.HAL_TIMEx_MasterConfigSynchronization
                0x080057d8      0x100 ./Drivers/STM32F3xx_HAL_Driver/Src/stm32f3xx_hal_tim_ex.o
                0x080057d8                HAL_TIMEx_MasterConfigSynchronization
 .text.USB_DisableGlobalInt
                0x080058d8       0x36 ./Drivers/STM32F3xx_HAL_Driver/Src/stm32f3xx_ll_usb.o
                0x080058d8                USB_DisableGlobalInt
 .text.USB_DevInit
                0x0800590e       0x3c ./Drivers/STM32F3xx_HAL_Driver/Src/stm32f3xx_ll_usb.o
                0x0800590e                USB_DevInit
 *fill*         0x0800594a        0x2 
 .text.malloc   0x0800594c       0x10 C:/ST/STM32CubeIDE_1.17.0/STM32CubeIDE/plugins/com.st.stm32cube.ide.mcu.externaltools.gnu-tools-for-stm32.12.3.rel1.win32_1.1.0.202410251130/tools/bin/../lib/gcc/arm-none-eabi/12.3.1/../../../../arm-none-eabi/lib/thumb/v7e-m+fp/hard\libc_nano.a(libc_a-malloc.o)
                0x0800594c                malloc
 .text.sbrk_aligned
                0x0800595c       0x44 C:/ST/STM32CubeIDE_1.17.0/STM32CubeIDE/plugins/com.st.stm32cube.ide.mcu.externaltools.gnu-tools-for-stm32.12.3.rel1.win32_1.1.0.202410251130/tools/bin/../lib/gcc/arm-none-eabi/12.3.1/../../../../arm-none-eabi/lib/thumb/v7e-m+fp/hard\libc_nano.a(libc_a-mallocr.o)
 .text._malloc_r
                0x080059a0      0x100 C:/ST/STM32CubeIDE_1.17.0/STM32CubeIDE/plugins/com.st.stm32cube.ide.mcu.externaltools.gnu-tools-for-stm32.12.3.rel1.win32_1.1.0.202410251130/tools/bin/../lib/gcc/arm-none-eabi/12.3.1/../../../../arm-none-eabi/lib/thumb/v7e-m+fp/hard\libc_nano.a(libc_a-mallocr.o)
                0x080059a0                _malloc_r
 .text.__malloc_lock
                0x08005aa0        0xc C:/ST/STM32CubeIDE_1.17.0/STM32CubeIDE/plugins/com.st.stm32cube.ide.mcu.externaltools.gnu-tools-for-stm32.12.3.rel1.win32_1.1.0.202410251130/tools/bin/../lib/gcc/arm-none-eabi/12.3.1/../../../../arm-none-eabi/lib/thumb/v7e-m+fp/hard\libc_nano.a(libc_a-mlock.o)
                0x08005aa0                __malloc_lock
 .text.__malloc_unlock
                0x08005aac        0xc C:/ST/STM32CubeIDE_1.17.0/STM32CubeIDE/plugins/com.st.stm32cube.ide.mcu.externaltools.gnu-tools-for-stm32.12.3.rel1.win32_1.1.0.202410251130/tools/bin/../lib/gcc/arm-none-eabi/12.3.1/../../../../arm-none-eabi/lib/thumb/v7e-m+fp/hard\libc_nano.a(libc_a-mlock.o)
                0x08005aac                __malloc_unlock
 .text.sprintf  0x08005ab8       0x40 C:/ST/STM32CubeIDE_1.17.0/STM32CubeIDE/plugins/com.st.stm32cube.ide.mcu.externaltools.gnu-tools-for-stm32.12.3.rel1.win32_1.1.0.202410251130/tools/bin/../lib/gcc/arm-none-eabi/12.3.1/../../../../arm-none-eabi/lib/thumb/v7e-m+fp/hard\libc_nano.a(libc_a-sprintf.o)
                0x08005ab8                siprintf
                0x08005ab8                sprintf
 .text.memset   0x08005af8       0x10 C:/ST/STM32CubeIDE_1.17.0/STM32CubeIDE/plugins/com.st.stm32cube.ide.mcu.externaltools.gnu-tools-for-stm32.12.3.rel1.win32_1.1.0.202410251130/tools/bin/../lib/gcc/arm-none-eabi/12.3.1/../../../../arm-none-eabi/lib/thumb/v7e-m+fp/hard\libc_nano.a(libc_a-memset.o)
                0x08005af8                memset
 .text._sbrk_r  0x08005b08       0x20 C:/ST/STM32CubeIDE_1.17.0/STM32CubeIDE/plugins/com.st.stm32cube.ide.mcu.externaltools.gnu-tools-for-stm32.12.3.rel1.win32_1.1.0.202410251130/tools/bin/../lib/gcc/arm-none-eabi/12.3.1/../../../../arm-none-eabi/lib/thumb/v7e-m+fp/hard\libc_nano.a(libc_a-sbrkr.o)
                0x08005b08                _sbrk_r
 .text.__errno  0x08005b28        0xc C:/ST/STM32CubeIDE_1.17.0/STM32CubeIDE/plugins/com.st.stm32cube.ide.mcu.externaltools.gnu-tools-for-stm32.12.3.rel1.win32_1.1.0.202410251130/tools/bin/../lib/gcc/arm-none-eabi/12.3.1/../../../../arm-none-eabi/lib/thumb/v7e-m+fp/hard\libc_nano.a(libc_a-errno.o)
                0x08005b28                __errno
 .text.__libc_init_array
                0x08005b34       0x48 C:/ST/STM32CubeIDE_1.17.0/STM32CubeIDE/plugins/com.st.stm32cube.ide.mcu.externaltools.gnu-tools-for-stm32.12.3.rel1.win32_1.1.0.202410251130/tools/bin/../lib/gcc/arm-none-eabi/12.3.1/../../../../arm-none-eabi/lib/thumb/v7e-m+fp/hard\libc_nano.a(libc_a-init.o)
                0x08005b34                __libc_init_array
 .text.__retarget_lock_acquire_recursive
                0x08005b7c        0x2 C:/ST/STM32CubeIDE_1.17.0/STM32CubeIDE/plugins/com.st.stm32cube.ide.mcu.externaltools.gnu-tools-for-stm32.12.3.rel1.win32_1.1.0.202410251130/tools/bin/../lib/gcc/arm-none-eabi/12.3.1/../../../../arm-none-eabi/lib/thumb/v7e-m+fp/hard\libc_nano.a(libc_a-lock.o)
                0x08005b7c                __retarget_lock_acquire_recursive
 .text.__retarget_lock_release_recursive
                0x08005b7e        0x2 C:/ST/STM32CubeIDE_1.17.0/STM32CubeIDE/plugins/com.st.stm32cube.ide.mcu.externaltools.gnu-tools-for-stm32.12.3.rel1.win32_1.1.0.202410251130/tools/bin/../lib/gcc/arm-none-eabi/12.3.1/../../../../arm-none-eabi/lib/thumb/v7e-m+fp/hard\libc_nano.a(libc_a-lock.o)
                0x08005b7e                __retarget_lock_release_recursive
 .text._free_r  0x08005b80       0x94 C:/ST/STM32CubeIDE_1.17.0/STM32CubeIDE/plugins/com.st.stm32cube.ide.mcu.externaltools.gnu-tools-for-stm32.12.3.rel1.win32_1.1.0.202410251130/tools/bin/../lib/gcc/arm-none-eabi/12.3.1/../../../../arm-none-eabi/lib/thumb/v7e-m+fp/hard\libc_nano.a(libc_a-freer.o)
                0x08005b80                _free_r
 .text.__ssputs_r
                0x08005c14       0xb6 C:/ST/STM32CubeIDE_1.17.0/STM32CubeIDE/plugins/com.st.stm32cube.ide.mcu.externaltools.gnu-tools-for-stm32.12.3.rel1.win32_1.1.0.202410251130/tools/bin/../lib/gcc/arm-none-eabi/12.3.1/../../../../arm-none-eabi/lib/thumb/v7e-m+fp/hard\libc_nano.a(libc_a-nano-svfprintf.o)
                0x08005c14                __ssputs_r
 *fill*         0x08005cca        0x2 
 .text._svfprintf_r
                0x08005ccc      0x1f8 C:/ST/STM32CubeIDE_1.17.0/STM32CubeIDE/plugins/com.st.stm32cube.ide.mcu.externaltools.gnu-tools-for-stm32.12.3.rel1.win32_1.1.0.202410251130/tools/bin/../lib/gcc/arm-none-eabi/12.3.1/../../../../arm-none-eabi/lib/thumb/v7e-m+fp/hard\libc_nano.a(libc_a-nano-svfprintf.o)
                0x08005ccc                _svfiprintf_r
                0x08005ccc                _svfprintf_r
 .text._printf_common
                0x08005ec4       0xda C:/ST/STM32CubeIDE_1.17.0/STM32CubeIDE/plugins/com.st.stm32cube.ide.mcu.externaltools.gnu-tools-for-stm32.12.3.rel1.win32_1.1.0.202410251130/tools/bin/../lib/gcc/arm-none-eabi/12.3.1/../../../../arm-none-eabi/lib/thumb/v7e-m+fp/hard\libc_nano.a(libc_a-nano-vfprintf_i.o)
                0x08005ec4                _printf_common
 *fill*         0x08005f9e        0x2 
 .text._printf_i
                0x08005fa0      0x240 C:/ST/STM32CubeIDE_1.17.0/STM32CubeIDE/plugins/com.st.stm32cube.ide.mcu.externaltools.gnu-tools-for-stm32.12.3.rel1.win32_1.1.0.202410251130/tools/bin/../lib/gcc/arm-none-eabi/12.3.1/../../../../arm-none-eabi/lib/thumb/v7e-m+fp/hard\libc_nano.a(libc_a-nano-vfprintf_i.o)
                0x08005fa0                _printf_i
 .text.memmove  0x080061e0       0x34 C:/ST/STM32CubeIDE_1.17.0/STM32CubeIDE/plugins/com.st.stm32cube.ide.mcu.externaltools.gnu-tools-for-stm32.12.3.rel1.win32_1.1.0.202410251130/tools/bin/../lib/gcc/arm-none-eabi/12.3.1/../../../../arm-none-eabi/lib/thumb/v7e-m+fp/hard\libc_nano.a(libc_a-memmove.o)
                0x080061e0                memmove
 .text.memcpy   0x08006214       0x1c C:/ST/STM32CubeIDE_1.17.0/STM32CubeIDE/plugins/com.st.stm32cube.ide.mcu.externaltools.gnu-tools-for-stm32.12.3.rel1.win32_1.1.0.202410251130/tools/bin/../lib/gcc/arm-none-eabi/12.3.1/../../../../arm-none-eabi/lib/thumb/v7e-m+fp/hard\libc_nano.a(libc_a-memcpy-stub.o)
                0x08006214                memcpy
 .text._realloc_r
                0x08006230       0x5c C:/ST/STM32CubeIDE_1.17.0/STM32CubeIDE/plugins/com.st.stm32cube.ide.mcu.externaltools.gnu-tools-for-stm32.12.3.rel1.win32_1.1.0.202410251130/tools/bin/../lib/gcc/arm-none-eabi/12.3.1/../../../../arm-none-eabi/lib/thumb/v7e-m+fp/hard\libc_nano.a(libc_a-reallocr.o)
                0x08006230                _realloc_r
 .text._malloc_usable_size_r
                0x0800628c       0x10 C:/ST/STM32CubeIDE_1.17.0/STM32CubeIDE/plugins/com.st.stm32cube.ide.mcu.externaltools.gnu-tools-for-stm32.12.3.rel1.win32_1.1.0.202410251130/tools/bin/../lib/gcc/arm-none-eabi/12.3.1/../../../../arm-none-eabi/lib/thumb/v7e-m+fp/hard\libc_nano.a(libc_a-msizer.o)
                0x0800628c                _malloc_usable_size_r
 *(.glue_7)
 .glue_7        0x0800629c        0x0 linker stubs
 *(.glue_7t)
 .glue_7t       0x0800629c        0x0 linker stubs
 *(.eh_frame)
 .eh_frame      0x0800629c        0x0 C:/ST/STM32CubeIDE_1.17.0/STM32CubeIDE/plugins/com.st.stm32cube.ide.mcu.externaltools.gnu-tools-for-stm32.12.3.rel1.win32_1.1.0.202410251130/tools/bin/../lib/gcc/arm-none-eabi/12.3.1/thumb/v7e-m+fp/hard/crtbegin.o
 *(.init)
 .init          0x0800629c        0x4 C:/ST/STM32CubeIDE_1.17.0/STM32CubeIDE/plugins/com.st.stm32cube.ide.mcu.externaltools.gnu-tools-for-stm32.12.3.rel1.win32_1.1.0.202410251130/tools/bin/../lib/gcc/arm-none-eabi/12.3.1/thumb/v7e-m+fp/hard/crti.o
                0x0800629c                _init
 .init          0x080062a0        0x8 C:/ST/STM32CubeIDE_1.17.0/STM32CubeIDE/plugins/com.st.stm32cube.ide.mcu.externaltools.gnu-tools-for-stm32.12.3.rel1.win32_1.1.0.202410251130/tools/bin/../lib/gcc/arm-none-eabi/12.3.1/thumb/v7e-m+fp/hard/crtn.o
 *(.fini)
 .fini          0x080062a8        0x4 C:/ST/STM32CubeIDE_1.17.0/STM32CubeIDE/plugins/com.st.stm32cube.ide.mcu.externaltools.gnu-tools-for-stm32.12.3.rel1.win32_1.1.0.202410251130/tools/bin/../lib/gcc/arm-none-eabi/12.3.1/thumb/v7e-m+fp/hard/crti.o
                0x080062a8                _fini
 .fini          0x080062ac        0x8 C:/ST/STM32CubeIDE_1.17.0/STM32CubeIDE/plugins/com.st.stm32cube.ide.mcu.externaltools.gnu-tools-for-stm32.12.3.rel1.win32_1.1.0.202410251130/tools/bin/../lib/gcc/arm-none-eabi/12.3.1/thumb/v7e-m+fp/hard/crtn.o
                0x080062b4                        . = ALIGN (0x4)
                0x080062b4                        _etext = .

.vfp11_veneer   0x080062b4        0x0
 .vfp11_veneer  0x080062b4        0x0 linker stubs

.v4_bx          0x080062b4        0x0
 .v4_bx         0x080062b4        0x0 linker stubs

.iplt           0x080062b4        0x0
 .iplt          0x080062b4        0x0 C:/ST/STM32CubeIDE_1.17.0/STM32CubeIDE/plugins/com.st.stm32cube.ide.mcu.externaltools.gnu-tools-for-stm32.12.3.rel1.win32_1.1.0.202410251130/tools/bin/../lib/gcc/arm-none-eabi/12.3.1/thumb/v7e-m+fp/hard/crtbegin.o

.rodata         0x080062b4      0x1f4
                0x080062b4                        . = ALIGN (0x4)
 *(.rodata)
 .rodata        0x080062b4      0x105 ./Core/Src/main.o
 *(.rodata*)
 *fill*         0x080063b9        0x3 
 .rodata.AHBPrescTable
                0x080063bc       0x10 ./Core/Src/system_stm32f3xx.o
                0x080063bc                AHBPrescTable
 .rodata.adr_link
                0x080063cc       0x14 ./Core/Src/objs/gpio_new.o
                0x080063cc                adr_link
 .rodata.clock_mask_link
                0x080063e0       0x14 ./Core/Src/objs/gpio_new.o
                0x080063e0                clock_mask_link
 .rodata.CLOCK_ENABLES
                0x080063f4       0x60 ./Core/Src/objs/timer_josh.o
 .rodata.aPLLMULFactorTable
                0x08006454       0x10 ./Drivers/STM32F3xx_HAL_Driver/Src/stm32f3xx_hal_rcc.o
 .rodata.aPredivFactorTable
                0x08006464       0x10 ./Drivers/STM32F3xx_HAL_Driver/Src/stm32f3xx_hal_rcc.o
 .rodata._svfprintf_r.str1.1
                0x08006474       0x11 C:/ST/STM32CubeIDE_1.17.0/STM32CubeIDE/plugins/com.st.stm32cube.ide.mcu.externaltools.gnu-tools-for-stm32.12.3.rel1.win32_1.1.0.202410251130/tools/bin/../lib/gcc/arm-none-eabi/12.3.1/../../../../arm-none-eabi/lib/thumb/v7e-m+fp/hard\libc_nano.a(libc_a-nano-svfprintf.o)
 .rodata._printf_i.str1.1
                0x08006485       0x22 C:/ST/STM32CubeIDE_1.17.0/STM32CubeIDE/plugins/com.st.stm32cube.ide.mcu.externaltools.gnu-tools-for-stm32.12.3.rel1.win32_1.1.0.202410251130/tools/bin/../lib/gcc/arm-none-eabi/12.3.1/../../../../arm-none-eabi/lib/thumb/v7e-m+fp/hard\libc_nano.a(libc_a-nano-vfprintf_i.o)
                0x080064a8                        . = ALIGN (0x4)
 *fill*         0x080064a7        0x1 

.ARM.extab      0x080064a8        0x0
                0x080064a8                        . = ALIGN (0x4)
 *(.ARM.extab* .gnu.linkonce.armextab.*)
                0x080064a8                        . = ALIGN (0x4)

.ARM            0x080064a8        0x8
                0x080064a8                        . = ALIGN (0x4)
                0x080064a8                        __exidx_start = .
 *(.ARM.exidx*)
 .ARM.exidx     0x080064a8        0x8 C:/ST/STM32CubeIDE_1.17.0/STM32CubeIDE/plugins/com.st.stm32cube.ide.mcu.externaltools.gnu-tools-for-stm32.12.3.rel1.win32_1.1.0.202410251130/tools/bin/../lib/gcc/arm-none-eabi/12.3.1/../../../../arm-none-eabi/lib/thumb/v7e-m+fp/hard\libc_nano.a(libc_a-strcmp.o)
 .ARM.exidx     0x080064b0        0x0 C:/ST/STM32CubeIDE_1.17.0/STM32CubeIDE/plugins/com.st.stm32cube.ide.mcu.externaltools.gnu-tools-for-stm32.12.3.rel1.win32_1.1.0.202410251130/tools/bin/../lib/gcc/arm-none-eabi/12.3.1/../../../../arm-none-eabi/lib/thumb/v7e-m+fp/hard\libc_nano.a(libc_a-memchr.o)
                                  0x8 (size before relaxing)
                0x080064b0                        __exidx_end = .
                0x080064b0                        . = ALIGN (0x4)

.preinit_array  0x080064b0        0x0
                0x080064b0                        . = ALIGN (0x4)
                0x080064b0                        PROVIDE (__preinit_array_start = .)
 *(.preinit_array*)
                0x080064b0                        PROVIDE (__preinit_array_end = .)
                0x080064b0                        . = ALIGN (0x4)

.init_array     0x080064b0        0x4
                0x080064b0                        . = ALIGN (0x4)
                0x080064b0                        PROVIDE (__init_array_start = .)
 *(SORT_BY_NAME(.init_array.*))
 *(.init_array*)
 .init_array    0x080064b0        0x4 C:/ST/STM32CubeIDE_1.17.0/STM32CubeIDE/plugins/com.st.stm32cube.ide.mcu.externaltools.gnu-tools-for-stm32.12.3.rel1.win32_1.1.0.202410251130/tools/bin/../lib/gcc/arm-none-eabi/12.3.1/thumb/v7e-m+fp/hard/crtbegin.o
                0x080064b4                        PROVIDE (__init_array_end = .)
                0x080064b4                        . = ALIGN (0x4)

.fini_array     0x080064b4        0x4
                0x080064b4                        . = ALIGN (0x4)
                [!provide]                        PROVIDE (__fini_array_start = .)
 *(SORT_BY_NAME(.fini_array.*))
 *(.fini_array*)
 .fini_array    0x080064b4        0x4 C:/ST/STM32CubeIDE_1.17.0/STM32CubeIDE/plugins/com.st.stm32cube.ide.mcu.externaltools.gnu-tools-for-stm32.12.3.rel1.win32_1.1.0.202410251130/tools/bin/../lib/gcc/arm-none-eabi/12.3.1/thumb/v7e-m+fp/hard/crtbegin.o
                [!provide]                        PROVIDE (__fini_array_end = .)
                0x080064b8                        . = ALIGN (0x4)
                0x080064b8                        _sidata = LOADADDR (.data)

.rel.dyn        0x080064b8        0x0
 .rel.iplt      0x080064b8        0x0 C:/ST/STM32CubeIDE_1.17.0/STM32CubeIDE/plugins/com.st.stm32cube.ide.mcu.externaltools.gnu-tools-for-stm32.12.3.rel1.win32_1.1.0.202410251130/tools/bin/../lib/gcc/arm-none-eabi/12.3.1/thumb/v7e-m+fp/hard/crtbegin.o

.data           0x20000000      0x16c load address 0x080064b8
                0x20000000                        . = ALIGN (0x4)
                0x20000000                        _sdata = .
 *(.data)
 *(.data*)
 .data.last_servo_selection
                0x20000000        0x4 ./Core/Src/main.o
                0x20000000                last_servo_selection
 .data.game     0x20000004       0x38 ./Core/Src/main.o
                0x20000004                game
 .data.triggers
                0x2000003c       0x20 ./Core/Src/main.o
                0x2000003c                triggers
 .data.SystemCoreClock
                0x2000005c        0x4 ./Core/Src/system_stm32f3xx.o
                0x2000005c                SystemCoreClock
 .data.USART1_PORT
                0x20000060       0x2c ./Core/Src/objs/serial_josh.o
                0x20000060                USART1_PORT
 .data.RAWS     0x2000008c       0x20 ./Core/Src/objs/timer_josh.o
 .data.IRQ_NUMS
                0x200000ac        0x8 ./Core/Src/objs/timer_josh.o
 .data.STATES   0x200000b4       0x60 ./Core/Src/objs/timer_josh.o
 .data.uwTickPrio
                0x20000114        0x4 ./Drivers/STM32F3xx_HAL_Driver/Src/stm32f3xx_hal.o
                0x20000114                uwTickPrio
 .data.uwTickFreq
                0x20000118        0x1 ./Drivers/STM32F3xx_HAL_Driver/Src/stm32f3xx_hal.o
                0x20000118                uwTickFreq
 *fill*         0x20000119        0x3 
 .data._impure_ptr
                0x2000011c        0x4 C:/ST/STM32CubeIDE_1.17.0/STM32CubeIDE/plugins/com.st.stm32cube.ide.mcu.externaltools.gnu-tools-for-stm32.12.3.rel1.win32_1.1.0.202410251130/tools/bin/../lib/gcc/arm-none-eabi/12.3.1/../../../../arm-none-eabi/lib/thumb/v7e-m+fp/hard\libc_nano.a(libc_a-impure.o)
                0x2000011c                _impure_ptr
 .data._impure_data
                0x20000120       0x4c C:/ST/STM32CubeIDE_1.17.0/STM32CubeIDE/plugins/com.st.stm32cube.ide.mcu.externaltools.gnu-tools-for-stm32.12.3.rel1.win32_1.1.0.202410251130/tools/bin/../lib/gcc/arm-none-eabi/12.3.1/../../../../arm-none-eabi/lib/thumb/v7e-m+fp/hard\libc_nano.a(libc_a-impure.o)
                0x20000120                _impure_data
 *(.RamFunc)
 *(.RamFunc*)
                0x2000016c                        . = ALIGN (0x4)
                0x2000016c                        _edata = .
                0x08006624                        _siccmram = LOADADDR (.ccmram)

.igot.plt       0x2000016c        0x0 load address 0x08006624
 .igot.plt      0x2000016c        0x0 C:/ST/STM32CubeIDE_1.17.0/STM32CubeIDE/plugins/com.st.stm32cube.ide.mcu.externaltools.gnu-tools-for-stm32.12.3.rel1.win32_1.1.0.202410251130/tools/bin/../lib/gcc/arm-none-eabi/12.3.1/thumb/v7e-m+fp/hard/crtbegin.o

.ccmram         0x10000000        0x0 load address 0x08006624
                0x10000000                        . = ALIGN (0x4)
                0x10000000                        _sccmram = .
 *(.ccmram)
 *(.ccmram*)
                0x10000000                        . = ALIGN (0x4)
                0x10000000                        _eccmram = .
                0x10000000                        . = ALIGN (0x4)

.bss            0x2000016c      0x618
                0x2000016c                        _sbss = .
                0x2000016c                        __bss_start__ = _sbss
 *(.bss)
 .bss           0x2000016c       0x1c C:/ST/STM32CubeIDE_1.17.0/STM32CubeIDE/plugins/com.st.stm32cube.ide.mcu.externaltools.gnu-tools-for-stm32.12.3.rel1.win32_1.1.0.202410251130/tools/bin/../lib/gcc/arm-none-eabi/12.3.1/thumb/v7e-m+fp/hard/crtbegin.o
 *(.bss*)
 .bss.hi2c1     0x20000188       0x54 ./Core/Src/main.o
                0x20000188                hi2c1
 .bss.hspi1     0x200001dc       0x64 ./Core/Src/main.o
                0x200001dc                hspi1
 .bss.htim2     0x20000240       0x4c ./Core/Src/main.o
                0x20000240                htim2
 .bss.hpcd_USB_FS
                0x2000028c      0x2d4 ./Core/Src/main.o
                0x2000028c                hpcd_USB_FS
 .bss.manager   0x20000560        0x4 ./Core/Src/main.o
                0x20000560                manager
 .bss.__sbrk_heap_end
                0x20000564        0x4 ./Core/Src/sysmem.o
 .bss.gpio_callbacks
                0x20000568       0x40 ./Core/Src/objs/gpio_new.o
 .bss.touch_callback
                0x200005a8        0x4 ./Core/Src/objs/gpio_new.o
 .bss.touch_trigger_data
                0x200005ac        0x4 ./Core/Src/objs/gpio_new.o
 .bss.DOUBLE_INPUT_BUFFER
                0x200005b0       0x80 ./Core/Src/objs/serial_josh.o
 .bss.COUNTER   0x20000630        0x4 ./Core/Src/objs/serial_josh.o
 .bss.ACTIVE_RX_BUFFER
                0x20000634        0x1 ./Core/Src/objs/serial_josh.o
 *fill*         0x20000635        0x3 
 .bss.uwTick    0x20000638        0x4 ./Drivers/STM32F3xx_HAL_Driver/Src/stm32f3xx_hal.o
                0x20000638                uwTick
 .bss.__malloc_sbrk_start
                0x2000063c        0x4 C:/ST/STM32CubeIDE_1.17.0/STM32CubeIDE/plugins/com.st.stm32cube.ide.mcu.externaltools.gnu-tools-for-stm32.12.3.rel1.win32_1.1.0.202410251130/tools/bin/../lib/gcc/arm-none-eabi/12.3.1/../../../../arm-none-eabi/lib/thumb/v7e-m+fp/hard\libc_nano.a(libc_a-mallocr.o)
                0x2000063c                __malloc_sbrk_start
 .bss.__malloc_free_list
                0x20000640        0x4 C:/ST/STM32CubeIDE_1.17.0/STM32CubeIDE/plugins/com.st.stm32cube.ide.mcu.externaltools.gnu-tools-for-stm32.12.3.rel1.win32_1.1.0.202410251130/tools/bin/../lib/gcc/arm-none-eabi/12.3.1/../../../../arm-none-eabi/lib/thumb/v7e-m+fp/hard\libc_nano.a(libc_a-mallocr.o)
                0x20000640                __malloc_free_list
 .bss.__sf      0x20000644      0x138 C:/ST/STM32CubeIDE_1.17.0/STM32CubeIDE/plugins/com.st.stm32cube.ide.mcu.externaltools.gnu-tools-for-stm32.12.3.rel1.win32_1.1.0.202410251130/tools/bin/../lib/gcc/arm-none-eabi/12.3.1/../../../../arm-none-eabi/lib/thumb/v7e-m+fp/hard\libc_nano.a(libc_a-findfp.o)
                0x20000644                __sf
 .bss.errno     0x2000077c        0x4 C:/ST/STM32CubeIDE_1.17.0/STM32CubeIDE/plugins/com.st.stm32cube.ide.mcu.externaltools.gnu-tools-for-stm32.12.3.rel1.win32_1.1.0.202410251130/tools/bin/../lib/gcc/arm-none-eabi/12.3.1/../../../../arm-none-eabi/lib/thumb/v7e-m+fp/hard\libc_nano.a(libc_a-reent.o)
                0x2000077c                errno
 .bss.__lock___malloc_recursive_mutex
                0x20000780        0x1 C:/ST/STM32CubeIDE_1.17.0/STM32CubeIDE/plugins/com.st.stm32cube.ide.mcu.externaltools.gnu-tools-for-stm32.12.3.rel1.win32_1.1.0.202410251130/tools/bin/../lib/gcc/arm-none-eabi/12.3.1/../../../../arm-none-eabi/lib/thumb/v7e-m+fp/hard\libc_nano.a(libc_a-lock.o)
                0x20000780                __lock___malloc_recursive_mutex
 *(COMMON)
                0x20000784                        . = ALIGN (0x4)
 *fill*         0x20000781        0x3 
                0x20000784                        _ebss = .
                0x20000784                        __bss_end__ = _ebss

._user_heap_stack
                0x20000784      0x604
                0x20000788                        . = ALIGN (0x8)
 *fill*         0x20000784        0x4 
                [!provide]                        PROVIDE (end = .)
                0x20000788                        PROVIDE (_end = .)
                0x20000988                        . = (. + _Min_Heap_Size)
 *fill*         0x20000788      0x200 
                0x20000d88                        . = (. + _Min_Stack_Size)
 *fill*         0x20000988      0x400 
                0x20000d88                        . = ALIGN (0x8)

/DISCARD/
 libc.a(*)
 libm.a(*)
 libgcc.a(*)

.ARM.attributes
                0x00000000       0x30
 *(.ARM.attributes)
 .ARM.attributes
                0x00000000       0x22 C:/ST/STM32CubeIDE_1.17.0/STM32CubeIDE/plugins/com.st.stm32cube.ide.mcu.externaltools.gnu-tools-for-stm32.12.3.rel1.win32_1.1.0.202410251130/tools/bin/../lib/gcc/arm-none-eabi/12.3.1/thumb/v7e-m+fp/hard/crti.o
 .ARM.attributes
                0x00000022       0x34 C:/ST/STM32CubeIDE_1.17.0/STM32CubeIDE/plugins/com.st.stm32cube.ide.mcu.externaltools.gnu-tools-for-stm32.12.3.rel1.win32_1.1.0.202410251130/tools/bin/../lib/gcc/arm-none-eabi/12.3.1/thumb/v7e-m+fp/hard/crtbegin.o
 .ARM.attributes
                0x00000056       0x34 ./Core/Src/main.o
 .ARM.attributes
                0x0000008a       0x34 ./Core/Src/stm32f3xx_hal_msp.o
 .ARM.attributes
                0x000000be       0x34 ./Core/Src/stm32f3xx_it.o
 .ARM.attributes
                0x000000f2       0x34 ./Core/Src/sysmem.o
 .ARM.attributes
                0x00000126       0x34 ./Core/Src/system_stm32f3xx.o
 .ARM.attributes
                0x0000015a       0x34 ./Core/Src/objs/door_manager_obj.o
 .ARM.attributes
                0x0000018e       0x34 ./Core/Src/objs/door_obj.o
 .ARM.attributes
                0x000001c2       0x34 ./Core/Src/objs/gpio_new.o
 .ARM.attributes
                0x000001f6       0x34 ./Core/Src/objs/serial_josh.o
 .ARM.attributes
                0x0000022a       0x34 ./Core/Src/objs/servo_driver_obj.o
 .ARM.attributes
                0x0000025e       0x34 ./Core/Src/objs/timer_josh.o
 .ARM.attributes
                0x00000292       0x34 ./Core/Src/utils/utils.o
 .ARM.attributes
                0x000002c6       0x21 ./Core/Startup/startup_stm32f303vctx.o
 .ARM.attributes
                0x000002e7       0x34 ./Drivers/STM32F3xx_HAL_Driver/Src/stm32f3xx_hal.o
 .ARM.attributes
                0x0000031b       0x34 ./Drivers/STM32F3xx_HAL_Driver/Src/stm32f3xx_hal_cortex.o
 .ARM.attributes
                0x0000034f       0x34 ./Drivers/STM32F3xx_HAL_Driver/Src/stm32f3xx_hal_gpio.o
 .ARM.attributes
                0x00000383       0x34 ./Drivers/STM32F3xx_HAL_Driver/Src/stm32f3xx_hal_i2c.o
 .ARM.attributes
                0x000003b7       0x34 ./Drivers/STM32F3xx_HAL_Driver/Src/stm32f3xx_hal_i2c_ex.o
 .ARM.attributes
                0x000003eb       0x34 ./Drivers/STM32F3xx_HAL_Driver/Src/stm32f3xx_hal_pcd.o
 .ARM.attributes
                0x0000041f       0x34 ./Drivers/STM32F3xx_HAL_Driver/Src/stm32f3xx_hal_rcc.o
 .ARM.attributes
                0x00000453       0x34 ./Drivers/STM32F3xx_HAL_Driver/Src/stm32f3xx_hal_rcc_ex.o
 .ARM.attributes
                0x00000487       0x34 ./Drivers/STM32F3xx_HAL_Driver/Src/stm32f3xx_hal_spi.o
 .ARM.attributes
                0x000004bb       0x34 ./Drivers/STM32F3xx_HAL_Driver/Src/stm32f3xx_hal_tim.o
 .ARM.attributes
                0x000004ef       0x34 ./Drivers/STM32F3xx_HAL_Driver/Src/stm32f3xx_hal_tim_ex.o
 .ARM.attributes
                0x00000523       0x34 ./Drivers/STM32F3xx_HAL_Driver/Src/stm32f3xx_ll_usb.o
 .ARM.attributes
                0x00000557       0x34 C:/ST/STM32CubeIDE_1.17.0/STM32CubeIDE/plugins/com.st.stm32cube.ide.mcu.externaltools.gnu-tools-for-stm32.12.3.rel1.win32_1.1.0.202410251130/tools/bin/../lib/gcc/arm-none-eabi/12.3.1/../../../../arm-none-eabi/lib/thumb/v7e-m+fp/hard\libc_nano.a(libc_a-malloc.o)
 .ARM.attributes
                0x0000058b       0x34 C:/ST/STM32CubeIDE_1.17.0/STM32CubeIDE/plugins/com.st.stm32cube.ide.mcu.externaltools.gnu-tools-for-stm32.12.3.rel1.win32_1.1.0.202410251130/tools/bin/../lib/gcc/arm-none-eabi/12.3.1/../../../../arm-none-eabi/lib/thumb/v7e-m+fp/hard\libc_nano.a(libc_a-mallocr.o)
 .ARM.attributes
                0x000005bf       0x34 C:/ST/STM32CubeIDE_1.17.0/STM32CubeIDE/plugins/com.st.stm32cube.ide.mcu.externaltools.gnu-tools-for-stm32.12.3.rel1.win32_1.1.0.202410251130/tools/bin/../lib/gcc/arm-none-eabi/12.3.1/../../../../arm-none-eabi/lib/thumb/v7e-m+fp/hard\libc_nano.a(libc_a-mlock.o)
 .ARM.attributes
                0x000005f3       0x34 C:/ST/STM32CubeIDE_1.17.0/STM32CubeIDE/plugins/com.st.stm32cube.ide.mcu.externaltools.gnu-tools-for-stm32.12.3.rel1.win32_1.1.0.202410251130/tools/bin/../lib/gcc/arm-none-eabi/12.3.1/../../../../arm-none-eabi/lib/thumb/v7e-m+fp/hard\libc_nano.a(libc_a-findfp.o)
 .ARM.attributes
                0x00000627       0x34 C:/ST/STM32CubeIDE_1.17.0/STM32CubeIDE/plugins/com.st.stm32cube.ide.mcu.externaltools.gnu-tools-for-stm32.12.3.rel1.win32_1.1.0.202410251130/tools/bin/../lib/gcc/arm-none-eabi/12.3.1/../../../../arm-none-eabi/lib/thumb/v7e-m+fp/hard\libc_nano.a(libc_a-sprintf.o)
 .ARM.attributes
                0x0000065b       0x34 C:/ST/STM32CubeIDE_1.17.0/STM32CubeIDE/plugins/com.st.stm32cube.ide.mcu.externaltools.gnu-tools-for-stm32.12.3.rel1.win32_1.1.0.202410251130/tools/bin/../lib/gcc/arm-none-eabi/12.3.1/../../../../arm-none-eabi/lib/thumb/v7e-m+fp/hard\libc_nano.a(libc_a-memset.o)
 .ARM.attributes
                0x0000068f       0x34 C:/ST/STM32CubeIDE_1.17.0/STM32CubeIDE/plugins/com.st.stm32cube.ide.mcu.externaltools.gnu-tools-for-stm32.12.3.rel1.win32_1.1.0.202410251130/tools/bin/../lib/gcc/arm-none-eabi/12.3.1/../../../../arm-none-eabi/lib/thumb/v7e-m+fp/hard\libc_nano.a(libc_a-reent.o)
 .ARM.attributes
                0x000006c3       0x34 C:/ST/STM32CubeIDE_1.17.0/STM32CubeIDE/plugins/com.st.stm32cube.ide.mcu.externaltools.gnu-tools-for-stm32.12.3.rel1.win32_1.1.0.202410251130/tools/bin/../lib/gcc/arm-none-eabi/12.3.1/../../../../arm-none-eabi/lib/thumb/v7e-m+fp/hard\libc_nano.a(libc_a-impure.o)
 .ARM.attributes
                0x000006f7       0x34 C:/ST/STM32CubeIDE_1.17.0/STM32CubeIDE/plugins/com.st.stm32cube.ide.mcu.externaltools.gnu-tools-for-stm32.12.3.rel1.win32_1.1.0.202410251130/tools/bin/../lib/gcc/arm-none-eabi/12.3.1/../../../../arm-none-eabi/lib/thumb/v7e-m+fp/hard\libc_nano.a(libc_a-sbrkr.o)
 .ARM.attributes
                0x0000072b       0x34 C:/ST/STM32CubeIDE_1.17.0/STM32CubeIDE/plugins/com.st.stm32cube.ide.mcu.externaltools.gnu-tools-for-stm32.12.3.rel1.win32_1.1.0.202410251130/tools/bin/../lib/gcc/arm-none-eabi/12.3.1/../../../../arm-none-eabi/lib/thumb/v7e-m+fp/hard\libc_nano.a(libc_a-errno.o)
 .ARM.attributes
                0x0000075f       0x34 C:/ST/STM32CubeIDE_1.17.0/STM32CubeIDE/plugins/com.st.stm32cube.ide.mcu.externaltools.gnu-tools-for-stm32.12.3.rel1.win32_1.1.0.202410251130/tools/bin/../lib/gcc/arm-none-eabi/12.3.1/../../../../arm-none-eabi/lib/thumb/v7e-m+fp/hard\libc_nano.a(libc_a-init.o)
 .ARM.attributes
                0x00000793       0x34 C:/ST/STM32CubeIDE_1.17.0/STM32CubeIDE/plugins/com.st.stm32cube.ide.mcu.externaltools.gnu-tools-for-stm32.12.3.rel1.win32_1.1.0.202410251130/tools/bin/../lib/gcc/arm-none-eabi/12.3.1/../../../../arm-none-eabi/lib/thumb/v7e-m+fp/hard\libc_nano.a(libc_a-lock.o)
 .ARM.attributes
                0x000007c7       0x20 C:/ST/STM32CubeIDE_1.17.0/STM32CubeIDE/plugins/com.st.stm32cube.ide.mcu.externaltools.gnu-tools-for-stm32.12.3.rel1.win32_1.1.0.202410251130/tools/bin/../lib/gcc/arm-none-eabi/12.3.1/../../../../arm-none-eabi/lib/thumb/v7e-m+fp/hard\libc_nano.a(libc_a-strcmp.o)
 .ARM.attributes
                0x000007e7       0x34 C:/ST/STM32CubeIDE_1.17.0/STM32CubeIDE/plugins/com.st.stm32cube.ide.mcu.externaltools.gnu-tools-for-stm32.12.3.rel1.win32_1.1.0.202410251130/tools/bin/../lib/gcc/arm-none-eabi/12.3.1/../../../../arm-none-eabi/lib/thumb/v7e-m+fp/hard\libc_nano.a(libc_a-freer.o)
 .ARM.attributes
                0x0000081b       0x34 C:/ST/STM32CubeIDE_1.17.0/STM32CubeIDE/plugins/com.st.stm32cube.ide.mcu.externaltools.gnu-tools-for-stm32.12.3.rel1.win32_1.1.0.202410251130/tools/bin/../lib/gcc/arm-none-eabi/12.3.1/../../../../arm-none-eabi/lib/thumb/v7e-m+fp/hard\libc_nano.a(libc_a-nano-svfprintf.o)
 .ARM.attributes
                0x0000084f       0x34 C:/ST/STM32CubeIDE_1.17.0/STM32CubeIDE/plugins/com.st.stm32cube.ide.mcu.externaltools.gnu-tools-for-stm32.12.3.rel1.win32_1.1.0.202410251130/tools/bin/../lib/gcc/arm-none-eabi/12.3.1/../../../../arm-none-eabi/lib/thumb/v7e-m+fp/hard\libc_nano.a(libc_a-nano-vfprintf_i.o)
 .ARM.attributes
                0x00000883       0x34 C:/ST/STM32CubeIDE_1.17.0/STM32CubeIDE/plugins/com.st.stm32cube.ide.mcu.externaltools.gnu-tools-for-stm32.12.3.rel1.win32_1.1.0.202410251130/tools/bin/../lib/gcc/arm-none-eabi/12.3.1/../../../../arm-none-eabi/lib/thumb/v7e-m+fp/hard\libc_nano.a(libc_a-memmove.o)
 .ARM.attributes
                0x000008b7       0x1c C:/ST/STM32CubeIDE_1.17.0/STM32CubeIDE/plugins/com.st.stm32cube.ide.mcu.externaltools.gnu-tools-for-stm32.12.3.rel1.win32_1.1.0.202410251130/tools/bin/../lib/gcc/arm-none-eabi/12.3.1/../../../../arm-none-eabi/lib/thumb/v7e-m+fp/hard\libc_nano.a(libc_a-memchr.o)
 .ARM.attributes
                0x000008d3       0x34 C:/ST/STM32CubeIDE_1.17.0/STM32CubeIDE/plugins/com.st.stm32cube.ide.mcu.externaltools.gnu-tools-for-stm32.12.3.rel1.win32_1.1.0.202410251130/tools/bin/../lib/gcc/arm-none-eabi/12.3.1/../../../../arm-none-eabi/lib/thumb/v7e-m+fp/hard\libc_nano.a(libc_a-memcpy-stub.o)
 .ARM.attributes
                0x00000907       0x34 C:/ST/STM32CubeIDE_1.17.0/STM32CubeIDE/plugins/com.st.stm32cube.ide.mcu.externaltools.gnu-tools-for-stm32.12.3.rel1.win32_1.1.0.202410251130/tools/bin/../lib/gcc/arm-none-eabi/12.3.1/../../../../arm-none-eabi/lib/thumb/v7e-m+fp/hard\libc_nano.a(libc_a-reallocr.o)
 .ARM.attributes
                0x0000093b       0x34 C:/ST/STM32CubeIDE_1.17.0/STM32CubeIDE/plugins/com.st.stm32cube.ide.mcu.externaltools.gnu-tools-for-stm32.12.3.rel1.win32_1.1.0.202410251130/tools/bin/../lib/gcc/arm-none-eabi/12.3.1/../../../../arm-none-eabi/lib/thumb/v7e-m+fp/hard\libc_nano.a(libc_a-msizer.o)
 .ARM.attributes
                0x0000096f       0x22 C:/ST/STM32CubeIDE_1.17.0/STM32CubeIDE/plugins/com.st.stm32cube.ide.mcu.externaltools.gnu-tools-for-stm32.12.3.rel1.win32_1.1.0.202410251130/tools/bin/../lib/gcc/arm-none-eabi/12.3.1/thumb/v7e-m+fp/hard/crtn.o
OUTPUT(HAL-servo.elf elf32-littlearm)
LOAD linker stubs
LOAD C:/ST/STM32CubeIDE_1.17.0/STM32CubeIDE/plugins/com.st.stm32cube.ide.mcu.externaltools.gnu-tools-for-stm32.12.3.rel1.win32_1.1.0.202410251130/tools/bin/../lib/gcc/arm-none-eabi/12.3.1/../../../../arm-none-eabi/lib/thumb/v7e-m+fp/hard\libc.a
LOAD C:/ST/STM32CubeIDE_1.17.0/STM32CubeIDE/plugins/com.st.stm32cube.ide.mcu.externaltools.gnu-tools-for-stm32.12.3.rel1.win32_1.1.0.202410251130/tools/bin/../lib/gcc/arm-none-eabi/12.3.1/../../../../arm-none-eabi/lib/thumb/v7e-m+fp/hard\libm.a
LOAD C:/ST/STM32CubeIDE_1.17.0/STM32CubeIDE/plugins/com.st.stm32cube.ide.mcu.externaltools.gnu-tools-for-stm32.12.3.rel1.win32_1.1.0.202410251130/tools/bin/../lib/gcc/arm-none-eabi/12.3.1/thumb/v7e-m+fp/hard\libgcc.a

.debug_info     0x00000000    0x15a38
 .debug_info    0x00000000     0x232c ./Core/Src/main.o
 .debug_info    0x0000232c     0x14ff ./Core/Src/stm32f3xx_hal_msp.o
 .debug_info    0x0000382b      0x113 ./Core/Src/stm32f3xx_it.o
 .debug_info    0x0000393e      0x168 ./Core/Src/sysmem.o
 .debug_info    0x00003aa6      0x407 ./Core/Src/system_stm32f3xx.o
 .debug_info    0x00003ead      0x3e1 ./Core/Src/objs/door_manager_obj.o
 .debug_info    0x0000428e      0x33c ./Core/Src/objs/door_obj.o
 .debug_info    0x000045ca     0x117c ./Core/Src/objs/gpio_new.o
 .debug_info    0x00005746      0xb74 ./Core/Src/objs/serial_josh.o
 .debug_info    0x000062ba      0x87f ./Core/Src/objs/servo_driver_obj.o
 .debug_info    0x00006b39      0xd07 ./Core/Src/objs/timer_josh.o
 .debug_info    0x00007840      0x14b ./Core/Src/utils/utils.o
 .debug_info    0x0000798b       0x30 ./Core/Startup/startup_stm32f303vctx.o
 .debug_info    0x000079bb      0x7d4 ./Drivers/STM32F3xx_HAL_Driver/Src/stm32f3xx_hal.o
 .debug_info    0x0000818f      0xce4 ./Drivers/STM32F3xx_HAL_Driver/Src/stm32f3xx_hal_cortex.o
 .debug_info    0x00008e73      0x5fe ./Drivers/STM32F3xx_HAL_Driver/Src/stm32f3xx_hal_gpio.o
 .debug_info    0x00009471     0x20c3 ./Drivers/STM32F3xx_HAL_Driver/Src/stm32f3xx_hal_i2c.o
 .debug_info    0x0000b534      0x818 ./Drivers/STM32F3xx_HAL_Driver/Src/stm32f3xx_hal_i2c_ex.o
 .debug_info    0x0000bd4c     0x166f ./Drivers/STM32F3xx_HAL_Driver/Src/stm32f3xx_hal_pcd.o
 .debug_info    0x0000d3bb     0x148a ./Drivers/STM32F3xx_HAL_Driver/Src/stm32f3xx_hal_rcc.o
 .debug_info    0x0000e845      0x5b9 ./Drivers/STM32F3xx_HAL_Driver/Src/stm32f3xx_hal_rcc_ex.o
 .debug_info    0x0000edfe     0x1622 ./Drivers/STM32F3xx_HAL_Driver/Src/stm32f3xx_hal_spi.o
 .debug_info    0x00010420     0x2a70 ./Drivers/STM32F3xx_HAL_Driver/Src/stm32f3xx_hal_tim.o
 .debug_info    0x00012e90     0x156d ./Drivers/STM32F3xx_HAL_Driver/Src/stm32f3xx_hal_tim_ex.o
 .debug_info    0x000143fd     0x163b ./Drivers/STM32F3xx_HAL_Driver/Src/stm32f3xx_ll_usb.o

.debug_abbrev   0x00000000     0x333f
 .debug_abbrev  0x00000000      0x3d6 ./Core/Src/main.o
 .debug_abbrev  0x000003d6      0x258 ./Core/Src/stm32f3xx_hal_msp.o
 .debug_abbrev  0x0000062e       0x73 ./Core/Src/stm32f3xx_it.o
 .debug_abbrev  0x000006a1       0xbc ./Core/Src/sysmem.o
 .debug_abbrev  0x0000075d      0x11a ./Core/Src/system_stm32f3xx.o
 .debug_abbrev  0x00000877      0x163 ./Core/Src/objs/door_manager_obj.o
 .debug_abbrev  0x000009da      0x161 ./Core/Src/objs/door_obj.o
 .debug_abbrev  0x00000b3b      0x33e ./Core/Src/objs/gpio_new.o
 .debug_abbrev  0x00000e79      0x281 ./Core/Src/objs/serial_josh.o
 .debug_abbrev  0x000010fa      0x201 ./Core/Src/objs/servo_driver_obj.o
 .debug_abbrev  0x000012fb      0x2ae ./Core/Src/objs/timer_josh.o
 .debug_abbrev  0x000015a9       0xae ./Core/Src/utils/utils.o
 .debug_abbrev  0x00001657       0x24 ./Core/Startup/startup_stm32f303vctx.o
 .debug_abbrev  0x0000167b      0x215 ./Drivers/STM32F3xx_HAL_Driver/Src/stm32f3xx_hal.o
 .debug_abbrev  0x00001890      0x31e ./Drivers/STM32F3xx_HAL_Driver/Src/stm32f3xx_hal_cortex.o
 .debug_abbrev  0x00001bae      0x1ca ./Drivers/STM32F3xx_HAL_Driver/Src/stm32f3xx_hal_gpio.o
 .debug_abbrev  0x00001d78      0x260 ./Drivers/STM32F3xx_HAL_Driver/Src/stm32f3xx_hal_i2c.o
 .debug_abbrev  0x00001fd8      0x1c2 ./Drivers/STM32F3xx_HAL_Driver/Src/stm32f3xx_hal_i2c_ex.o
 .debug_abbrev  0x0000219a      0x2d9 ./Drivers/STM32F3xx_HAL_Driver/Src/stm32f3xx_hal_pcd.o
 .debug_abbrev  0x00002473      0x300 ./Drivers/STM32F3xx_HAL_Driver/Src/stm32f3xx_hal_rcc.o
 .debug_abbrev  0x00002773      0x221 ./Drivers/STM32F3xx_HAL_Driver/Src/stm32f3xx_hal_rcc_ex.o
 .debug_abbrev  0x00002994      0x269 ./Drivers/STM32F3xx_HAL_Driver/Src/stm32f3xx_hal_spi.o
 .debug_abbrev  0x00002bfd      0x278 ./Drivers/STM32F3xx_HAL_Driver/Src/stm32f3xx_hal_tim.o
 .debug_abbrev  0x00002e75      0x283 ./Drivers/STM32F3xx_HAL_Driver/Src/stm32f3xx_hal_tim_ex.o
 .debug_abbrev  0x000030f8      0x247 ./Drivers/STM32F3xx_HAL_Driver/Src/stm32f3xx_ll_usb.o

.debug_aranges  0x00000000     0x13f0
 .debug_aranges
                0x00000000       0x98 ./Core/Src/main.o
 .debug_aranges
                0x00000098       0x68 ./Core/Src/stm32f3xx_hal_msp.o
 .debug_aranges
                0x00000100       0x60 ./Core/Src/stm32f3xx_it.o
 .debug_aranges
                0x00000160       0x20 ./Core/Src/sysmem.o
 .debug_aranges
                0x00000180       0x28 ./Core/Src/system_stm32f3xx.o
 .debug_aranges
                0x000001a8       0x40 ./Core/Src/objs/door_manager_obj.o
 .debug_aranges
                0x000001e8       0x38 ./Core/Src/objs/door_obj.o
 .debug_aranges
                0x00000220       0xc0 ./Core/Src/objs/gpio_new.o
 .debug_aranges
                0x000002e0       0x60 ./Core/Src/objs/serial_josh.o
 .debug_aranges
                0x00000340       0x40 ./Core/Src/objs/servo_driver_obj.o
 .debug_aranges
                0x00000380       0xd8 ./Core/Src/objs/timer_josh.o
 .debug_aranges
                0x00000458       0x30 ./Core/Src/utils/utils.o
 .debug_aranges
                0x00000488       0x28 ./Core/Startup/startup_stm32f303vctx.o
 .debug_aranges
                0x000004b0       0xe0 ./Drivers/STM32F3xx_HAL_Driver/Src/stm32f3xx_hal.o
 .debug_aranges
                0x00000590      0x128 ./Drivers/STM32F3xx_HAL_Driver/Src/stm32f3xx_hal_cortex.o
 .debug_aranges
                0x000006b8       0x58 ./Drivers/STM32F3xx_HAL_Driver/Src/stm32f3xx_hal_gpio.o
 .debug_aranges
                0x00000710      0x2a0 ./Drivers/STM32F3xx_HAL_Driver/Src/stm32f3xx_hal_i2c.o
 .debug_aranges
                0x000009b0       0x48 ./Drivers/STM32F3xx_HAL_Driver/Src/stm32f3xx_hal_i2c_ex.o
 .debug_aranges
                0x000009f8      0x140 ./Drivers/STM32F3xx_HAL_Driver/Src/stm32f3xx_hal_pcd.o
 .debug_aranges
                0x00000b38       0x88 ./Drivers/STM32F3xx_HAL_Driver/Src/stm32f3xx_hal_rcc.o
 .debug_aranges
                0x00000bc0       0x38 ./Drivers/STM32F3xx_HAL_Driver/Src/stm32f3xx_hal_rcc_ex.o
 .debug_aranges
                0x00000bf8      0x1d8 ./Drivers/STM32F3xx_HAL_Driver/Src/stm32f3xx_hal_spi.o
 .debug_aranges
                0x00000dd0      0x3e0 ./Drivers/STM32F3xx_HAL_Driver/Src/stm32f3xx_hal_tim.o
 .debug_aranges
                0x000011b0      0x178 ./Drivers/STM32F3xx_HAL_Driver/Src/stm32f3xx_hal_tim_ex.o
 .debug_aranges
                0x00001328       0xc8 ./Drivers/STM32F3xx_HAL_Driver/Src/stm32f3xx_ll_usb.o

.debug_rnglists
                0x00000000      0xf60
 .debug_rnglists
                0x00000000       0x73 ./Core/Src/main.o
 .debug_rnglists
                0x00000073       0x4c ./Core/Src/stm32f3xx_hal_msp.o
 .debug_rnglists
                0x000000bf       0x43 ./Core/Src/stm32f3xx_it.o
 .debug_rnglists
                0x00000102       0x13 ./Core/Src/sysmem.o
 .debug_rnglists
                0x00000115       0x1a ./Core/Src/system_stm32f3xx.o
 .debug_rnglists
                0x0000012f       0x2c ./Core/Src/objs/door_manager_obj.o
 .debug_rnglists
                0x0000015b       0x26 ./Core/Src/objs/door_obj.o
 .debug_rnglists
                0x00000181       0x8e ./Core/Src/objs/gpio_new.o
 .debug_rnglists
                0x0000020f       0x45 ./Core/Src/objs/serial_josh.o
 .debug_rnglists
                0x00000254       0x2d ./Core/Src/objs/servo_driver_obj.o
 .debug_rnglists
                0x00000281       0xa1 ./Core/Src/objs/timer_josh.o
 .debug_rnglists
                0x00000322       0x20 ./Core/Src/utils/utils.o
 .debug_rnglists
                0x00000342       0x19 ./Core/Startup/startup_stm32f303vctx.o
 .debug_rnglists
                0x0000035b       0xa3 ./Drivers/STM32F3xx_HAL_Driver/Src/stm32f3xx_hal.o
 .debug_rnglists
                0x000003fe       0xda ./Drivers/STM32F3xx_HAL_Driver/Src/stm32f3xx_hal_cortex.o
 .debug_rnglists
                0x000004d8       0x3f ./Drivers/STM32F3xx_HAL_Driver/Src/stm32f3xx_hal_gpio.o
 .debug_rnglists
                0x00000517      0x228 ./Drivers/STM32F3xx_HAL_Driver/Src/stm32f3xx_hal_i2c.o
 .debug_rnglists
                0x0000073f       0x35 ./Drivers/STM32F3xx_HAL_Driver/Src/stm32f3xx_hal_i2c_ex.o
 .debug_rnglists
                0x00000774       0xf4 ./Drivers/STM32F3xx_HAL_Driver/Src/stm32f3xx_hal_pcd.o
 .debug_rnglists
                0x00000868       0x66 ./Drivers/STM32F3xx_HAL_Driver/Src/stm32f3xx_hal_rcc.o
 .debug_rnglists
                0x000008ce       0x28 ./Drivers/STM32F3xx_HAL_Driver/Src/stm32f3xx_hal_rcc_ex.o
 .debug_rnglists
                0x000008f6      0x178 ./Drivers/STM32F3xx_HAL_Driver/Src/stm32f3xx_hal_spi.o
 .debug_rnglists
                0x00000a6e      0x328 ./Drivers/STM32F3xx_HAL_Driver/Src/stm32f3xx_hal_tim.o
 .debug_rnglists
                0x00000d96      0x131 ./Drivers/STM32F3xx_HAL_Driver/Src/stm32f3xx_hal_tim_ex.o
 .debug_rnglists
                0x00000ec7       0x99 ./Drivers/STM32F3xx_HAL_Driver/Src/stm32f3xx_ll_usb.o

.debug_macro    0x00000000    0x1fb34
 .debug_macro   0x00000000      0x3c5 ./Core/Src/main.o
 .debug_macro   0x000003c5      0xab4 ./Core/Src/main.o
 .debug_macro   0x00000e79      0x164 ./Core/Src/main.o
 .debug_macro   0x00000fdd       0x2e ./Core/Src/main.o
 .debug_macro   0x0000100b       0x28 ./Core/Src/main.o
 .debug_macro   0x00001033       0x22 ./Core/Src/main.o
 .debug_macro   0x00001055       0x8e ./Core/Src/main.o
 .debug_macro   0x000010e3       0x51 ./Core/Src/main.o
 .debug_macro   0x00001134      0x103 ./Core/Src/main.o
 .debug_macro   0x00001237       0x6a ./Core/Src/main.o
 .debug_macro   0x000012a1      0x1df ./Core/Src/main.o
 .debug_macro   0x00001480       0x1c ./Core/Src/main.o
 .debug_macro   0x0000149c       0x22 ./Core/Src/main.o
 .debug_macro   0x000014be       0xd9 ./Core/Src/main.o
 .debug_macro   0x00001597     0x102d ./Core/Src/main.o
 .debug_macro   0x000025c4      0x11f ./Core/Src/main.o
 .debug_macro   0x000026e3    0x12a3a ./Core/Src/main.o
 .debug_macro   0x0001511d       0x6d ./Core/Src/main.o
 .debug_macro   0x0001518a     0x3574 ./Core/Src/main.o
 .debug_macro   0x000186fe      0x189 ./Core/Src/main.o
 .debug_macro   0x00018887       0x55 ./Core/Src/main.o
 .debug_macro   0x000188dc      0x961 ./Core/Src/main.o
 .debug_macro   0x0001923d      0x5fe ./Core/Src/main.o
 .debug_macro   0x0001983b      0x1b5 ./Core/Src/main.o
 .debug_macro   0x000199f0      0x1fb ./Core/Src/main.o
 .debug_macro   0x00019beb      0x1dc ./Core/Src/main.o
 .debug_macro   0x00019dc7      0x1bc ./Core/Src/main.o
 .debug_macro   0x00019f83       0x30 ./Core/Src/main.o
 .debug_macro   0x00019fb3       0x3c ./Core/Src/main.o
 .debug_macro   0x00019fef      0x235 ./Core/Src/main.o
 .debug_macro   0x0001a224       0xc5 ./Core/Src/main.o
 .debug_macro   0x0001a2e9      0x21d ./Core/Src/main.o
 .debug_macro   0x0001a506      0x22c ./Core/Src/main.o
 .debug_macro   0x0001a732       0x5b ./Core/Src/main.o
 .debug_macro   0x0001a78d       0xa5 ./Core/Src/main.o
 .debug_macro   0x0001a832       0x73 ./Core/Src/main.o
 .debug_macro   0x0001a8a5      0x242 ./Core/Src/main.o
 .debug_macro   0x0001aae7       0x81 ./Core/Src/main.o
 .debug_macro   0x0001ab68       0xd3 ./Core/Src/main.o
 .debug_macro   0x0001ac3b      0x2fe ./Core/Src/main.o
 .debug_macro   0x0001af39      0xa60 ./Core/Src/main.o
 .debug_macro   0x0001b999       0x89 ./Core/Src/main.o
 .debug_macro   0x0001ba22      0x275 ./Core/Src/main.o
 .debug_macro   0x0001bc97      0x148 ./Core/Src/main.o
 .debug_macro   0x0001bddf       0x61 ./Core/Src/main.o
 .debug_macro   0x0001be40       0x2a ./Core/Src/main.o
 .debug_macro   0x0001be6a       0x43 ./Core/Src/main.o
 .debug_macro   0x0001bead       0x34 ./Core/Src/main.o
 .debug_macro   0x0001bee1       0x16 ./Core/Src/main.o
 .debug_macro   0x0001bef7       0x43 ./Core/Src/main.o
 .debug_macro   0x0001bf3a       0x34 ./Core/Src/main.o
 .debug_macro   0x0001bf6e       0x10 ./Core/Src/main.o
 .debug_macro   0x0001bf7e       0x58 ./Core/Src/main.o
 .debug_macro   0x0001bfd6       0x8e ./Core/Src/main.o
 .debug_macro   0x0001c064       0x1c ./Core/Src/main.o
 .debug_macro   0x0001c080      0x177 ./Core/Src/main.o
 .debug_macro   0x0001c1f7      0x369 ./Core/Src/main.o
 .debug_macro   0x0001c560      0x19b ./Core/Src/main.o
 .debug_macro   0x0001c6fb       0x16 ./Core/Src/main.o
 .debug_macro   0x0001c711       0x35 ./Core/Src/main.o
 .debug_macro   0x0001c746       0x16 ./Core/Src/main.o
 .debug_macro   0x0001c75c       0x29 ./Core/Src/main.o
 .debug_macro   0x0001c785       0x1c ./Core/Src/main.o
 .debug_macro   0x0001c7a1       0x10 ./Core/Src/main.o
 .debug_macro   0x0001c7b1       0x1c ./Core/Src/main.o
 .debug_macro   0x0001c7cd       0x16 ./Core/Src/main.o
 .debug_macro   0x0001c7e3      0x146 ./Core/Src/main.o
 .debug_macro   0x0001c929       0x22 ./Core/Src/main.o
 .debug_macro   0x0001c94b       0x16 ./Core/Src/main.o
 .debug_macro   0x0001c961       0x20 ./Core/Src/main.o
 .debug_macro   0x0001c981       0x10 ./Core/Src/main.o
 .debug_macro   0x0001c991       0x10 ./Core/Src/main.o
 .debug_macro   0x0001c9a1      0x20b ./Core/Src/stm32f3xx_hal_msp.o
 .debug_macro   0x0001cbac      0x215 ./Core/Src/stm32f3xx_it.o
 .debug_macro   0x0001cdc1       0xff ./Core/Src/sysmem.o
 .debug_macro   0x0001cec0      0x23c ./Core/Src/sysmem.o
 .debug_macro   0x0001d0fc      0x1fc ./Core/Src/system_stm32f3xx.o
 .debug_macro   0x0001d2f8      0x2ff ./Core/Src/objs/door_manager_obj.o
 .debug_macro   0x0001d5f7      0x2f9 ./Core/Src/objs/door_obj.o
 .debug_macro   0x0001d8f0      0x1ad ./Core/Src/objs/gpio_new.o
 .debug_macro   0x0001da9d      0x11c ./Core/Src/objs/gpio_new.o
 .debug_macro   0x0001dbb9       0x94 ./Core/Src/objs/gpio_new.o
 .debug_macro   0x0001dc4d      0x1a8 ./Core/Src/objs/serial_josh.o
 .debug_macro   0x0001ddf5       0x10 ./Core/Src/objs/serial_josh.o
 .debug_macro   0x0001de05      0x2e8 ./Core/Src/objs/servo_driver_obj.o
 .debug_macro   0x0001e0ed       0x4f ./Core/Src/objs/servo_driver_obj.o
 .debug_macro   0x0001e13c       0xe3 ./Core/Src/objs/timer_josh.o
 .debug_macro   0x0001e21f       0x15 ./Core/Src/utils/utils.o
 .debug_macro   0x0001e234      0x220 ./Drivers/STM32F3xx_HAL_Driver/Src/stm32f3xx_hal.o
 .debug_macro   0x0001e454      0x1fc ./Drivers/STM32F3xx_HAL_Driver/Src/stm32f3xx_hal_cortex.o
 .debug_macro   0x0001e650      0x203 ./Drivers/STM32F3xx_HAL_Driver/Src/stm32f3xx_hal_gpio.o
 .debug_macro   0x0001e853      0x2c8 ./Drivers/STM32F3xx_HAL_Driver/Src/stm32f3xx_hal_i2c.o
 .debug_macro   0x0001eb1b      0x1fc ./Drivers/STM32F3xx_HAL_Driver/Src/stm32f3xx_hal_i2c_ex.o
 .debug_macro   0x0001ed17      0x208 ./Drivers/STM32F3xx_HAL_Driver/Src/stm32f3xx_hal_pcd.o
 .debug_macro   0x0001ef1f      0x220 ./Drivers/STM32F3xx_HAL_Driver/Src/stm32f3xx_hal_rcc.o
 .debug_macro   0x0001f13f      0x1fc ./Drivers/STM32F3xx_HAL_Driver/Src/stm32f3xx_hal_rcc_ex.o
 .debug_macro   0x0001f33b      0x204 ./Drivers/STM32F3xx_HAL_Driver/Src/stm32f3xx_hal_spi.o
 .debug_macro   0x0001f53f      0x1fd ./Drivers/STM32F3xx_HAL_Driver/Src/stm32f3xx_hal_tim.o
 .debug_macro   0x0001f73c      0x1fc ./Drivers/STM32F3xx_HAL_Driver/Src/stm32f3xx_hal_tim_ex.o
 .debug_macro   0x0001f938      0x1fc ./Drivers/STM32F3xx_HAL_Driver/Src/stm32f3xx_ll_usb.o

.debug_line     0x00000000    0x19540
 .debug_line    0x00000000      0xeb2 ./Core/Src/main.o
 .debug_line    0x00000eb2      0x907 ./Core/Src/stm32f3xx_hal_msp.o
 .debug_line    0x000017b9      0x879 ./Core/Src/stm32f3xx_it.o
 .debug_line    0x00002032      0x579 ./Core/Src/sysmem.o
 .debug_line    0x000025ab      0x830 ./Core/Src/system_stm32f3xx.o
 .debug_line    0x00002ddb      0xa8f ./Core/Src/objs/door_manager_obj.o
 .debug_line    0x0000386a      0x9d7 ./Core/Src/objs/door_obj.o
 .debug_line    0x00004241      0xcd3 ./Core/Src/objs/gpio_new.o
 .debug_line    0x00004f14      0x8db ./Core/Src/objs/serial_josh.o
 .debug_line    0x000057ef      0xa30 ./Core/Src/objs/servo_driver_obj.o
 .debug_line    0x0000621f      0x8be ./Core/Src/objs/timer_josh.o
 .debug_line    0x00006add      0x10b ./Core/Src/utils/utils.o
 .debug_line    0x00006be8       0x7a ./Core/Startup/startup_stm32f303vctx.o
 .debug_line    0x00006c62      0xa68 ./Drivers/STM32F3xx_HAL_Driver/Src/stm32f3xx_hal.o
 .debug_line    0x000076ca      0xd55 ./Drivers/STM32F3xx_HAL_Driver/Src/stm32f3xx_hal_cortex.o
 .debug_line    0x0000841f      0xbdf ./Drivers/STM32F3xx_HAL_Driver/Src/stm32f3xx_hal_gpio.o
 .debug_line    0x00008ffe     0x3adf ./Drivers/STM32F3xx_HAL_Driver/Src/stm32f3xx_hal_i2c.o
 .debug_line    0x0000cadd      0x9d4 ./Drivers/STM32F3xx_HAL_Driver/Src/stm32f3xx_hal_i2c_ex.o
 .debug_line    0x0000d4b1     0x13f0 ./Drivers/STM32F3xx_HAL_Driver/Src/stm32f3xx_hal_pcd.o
 .debug_line    0x0000e8a1     0x13fc ./Drivers/STM32F3xx_HAL_Driver/Src/stm32f3xx_hal_rcc.o
 .debug_line    0x0000fc9d      0xdb6 ./Drivers/STM32F3xx_HAL_Driver/Src/stm32f3xx_hal_rcc_ex.o
 .debug_line    0x00010a53     0x20a1 ./Drivers/STM32F3xx_HAL_Driver/Src/stm32f3xx_hal_spi.o
 .debug_line    0x00012af4     0x3e60 ./Drivers/STM32F3xx_HAL_Driver/Src/stm32f3xx_hal_tim.o
 .debug_line    0x00016954     0x1b42 ./Drivers/STM32F3xx_HAL_Driver/Src/stm32f3xx_hal_tim_ex.o
 .debug_line    0x00018496     0x10aa ./Drivers/STM32F3xx_HAL_Driver/Src/stm32f3xx_ll_usb.o

.debug_str      0x00000000    0xba605
 .debug_str     0x00000000    0xb5a06 ./Core/Src/main.o
                              0xb62f4 (size before relaxing)
 .debug_str     0x000b5a06      0x106 ./Core/Src/stm32f3xx_hal_msp.o
                              0xb1703 (size before relaxing)
 .debug_str     0x000b5b0c       0xc9 ./Core/Src/stm32f3xx_it.o
                              0xb0916 (size before relaxing)
 .debug_str     0x000b5bd5      0x4dc ./Core/Src/sysmem.o
                               0x60ba (size before relaxing)
 .debug_str     0x000b60b1       0xdf ./Core/Src/system_stm32f3xx.o
                              0xb04ee (size before relaxing)
 .debug_str     0x000b6190       0xbe ./Core/Src/objs/door_manager_obj.o
                              0xb3cbf (size before relaxing)
 .debug_str     0x000b624e       0x7e ./Core/Src/objs/door_obj.o
                              0xb3c1a (size before relaxing)
 .debug_str     0x000b62cc      0x665 ./Core/Src/objs/gpio_new.o
                              0x762c5 (size before relaxing)
 .debug_str     0x000b6931      0x1b6 ./Core/Src/objs/serial_josh.o
                              0x75fe4 (size before relaxing)
 .debug_str     0x000b6ae7       0xaf ./Core/Src/objs/servo_driver_obj.o
                              0xb4086 (size before relaxing)
 .debug_str     0x000b6b96      0x169 ./Core/Src/objs/timer_josh.o
                              0x72faa (size before relaxing)
 .debug_str     0x000b6cff       0x38 ./Core/Src/utils/utils.o
                               0x2e27 (size before relaxing)
 .debug_str     0x000b6d37       0x44 ./Core/Startup/startup_stm32f303vctx.o
                                 0x6d (size before relaxing)
 .debug_str     0x000b6d7b      0x379 ./Drivers/STM32F3xx_HAL_Driver/Src/stm32f3xx_hal.o
                              0xb0d2c (size before relaxing)
 .debug_str     0x000b70f4      0x335 ./Drivers/STM32F3xx_HAL_Driver/Src/stm32f3xx_hal_cortex.o
                              0xb0db0 (size before relaxing)
 .debug_str     0x000b7429       0xe1 ./Drivers/STM32F3xx_HAL_Driver/Src/stm32f3xx_hal_gpio.o
                              0xb065b (size before relaxing)
 .debug_str     0x000b750a      0xe59 ./Drivers/STM32F3xx_HAL_Driver/Src/stm32f3xx_hal_i2c.o
                              0xb17ee (size before relaxing)
 .debug_str     0x000b8363       0xb8 ./Drivers/STM32F3xx_HAL_Driver/Src/stm32f3xx_hal_i2c_ex.o
                              0xb09e5 (size before relaxing)
 .debug_str     0x000b841b      0x527 ./Drivers/STM32F3xx_HAL_Driver/Src/stm32f3xx_hal_pcd.o
                              0xb0d23 (size before relaxing)
 .debug_str     0x000b8942      0x2bf ./Drivers/STM32F3xx_HAL_Driver/Src/stm32f3xx_hal_rcc.o
                              0xb098e (size before relaxing)
 .debug_str     0x000b8c01       0xbe ./Drivers/STM32F3xx_HAL_Driver/Src/stm32f3xx_hal_rcc_ex.o
                              0xb0752 (size before relaxing)
 .debug_str     0x000b8cbf      0x56b ./Drivers/STM32F3xx_HAL_Driver/Src/stm32f3xx_hal_spi.o
                              0xb0e14 (size before relaxing)
 .debug_str     0x000b922a      0xe27 ./Drivers/STM32F3xx_HAL_Driver/Src/stm32f3xx_hal_tim.o
                              0xb1925 (size before relaxing)
 .debug_str     0x000ba051      0x4dc ./Drivers/STM32F3xx_HAL_Driver/Src/stm32f3xx_hal_tim_ex.o
                              0xb116b (size before relaxing)
 .debug_str     0x000ba52d       0xd8 ./Drivers/STM32F3xx_HAL_Driver/Src/stm32f3xx_ll_usb.o
                              0xb0878 (size before relaxing)

.comment        0x00000000       0x43
 .comment       0x00000000       0x43 ./Core/Src/main.o
                                 0x44 (size before relaxing)
 .comment       0x00000043       0x44 ./Core/Src/stm32f3xx_hal_msp.o
 .comment       0x00000043       0x44 ./Core/Src/stm32f3xx_it.o
 .comment       0x00000043       0x44 ./Core/Src/sysmem.o
 .comment       0x00000043       0x44 ./Core/Src/system_stm32f3xx.o
 .comment       0x00000043       0x44 ./Core/Src/objs/door_manager_obj.o
 .comment       0x00000043       0x44 ./Core/Src/objs/door_obj.o
 .comment       0x00000043       0x44 ./Core/Src/objs/gpio_new.o
 .comment       0x00000043       0x44 ./Core/Src/objs/serial_josh.o
 .comment       0x00000043       0x44 ./Core/Src/objs/servo_driver_obj.o
 .comment       0x00000043       0x44 ./Core/Src/objs/timer_josh.o
 .comment       0x00000043       0x44 ./Core/Src/utils/utils.o
 .comment       0x00000043       0x44 ./Drivers/STM32F3xx_HAL_Driver/Src/stm32f3xx_hal.o
 .comment       0x00000043       0x44 ./Drivers/STM32F3xx_HAL_Driver/Src/stm32f3xx_hal_cortex.o
 .comment       0x00000043       0x44 ./Drivers/STM32F3xx_HAL_Driver/Src/stm32f3xx_hal_gpio.o
 .comment       0x00000043       0x44 ./Drivers/STM32F3xx_HAL_Driver/Src/stm32f3xx_hal_i2c.o
 .comment       0x00000043       0x44 ./Drivers/STM32F3xx_HAL_Driver/Src/stm32f3xx_hal_i2c_ex.o
 .comment       0x00000043       0x44 ./Drivers/STM32F3xx_HAL_Driver/Src/stm32f3xx_hal_pcd.o
 .comment       0x00000043       0x44 ./Drivers/STM32F3xx_HAL_Driver/Src/stm32f3xx_hal_rcc.o
 .comment       0x00000043       0x44 ./Drivers/STM32F3xx_HAL_Driver/Src/stm32f3xx_hal_rcc_ex.o
 .comment       0x00000043       0x44 ./Drivers/STM32F3xx_HAL_Driver/Src/stm32f3xx_hal_spi.o
 .comment       0x00000043       0x44 ./Drivers/STM32F3xx_HAL_Driver/Src/stm32f3xx_hal_tim.o
 .comment       0x00000043       0x44 ./Drivers/STM32F3xx_HAL_Driver/Src/stm32f3xx_hal_tim_ex.o
 .comment       0x00000043       0x44 ./Drivers/STM32F3xx_HAL_Driver/Src/stm32f3xx_ll_usb.o

.debug_frame    0x00000000     0x591c
 .debug_frame   0x00000000      0x228 ./Core/Src/main.o
 .debug_frame   0x00000228      0x180 ./Core/Src/stm32f3xx_hal_msp.o
 .debug_frame   0x000003a8      0x104 ./Core/Src/stm32f3xx_it.o
 .debug_frame   0x000004ac       0x34 ./Core/Src/sysmem.o
 .debug_frame   0x000004e0       0x58 ./Core/Src/system_stm32f3xx.o
 .debug_frame   0x00000538       0xcc ./Core/Src/objs/door_manager_obj.o
 .debug_frame   0x00000604       0xac ./Core/Src/objs/door_obj.o
 .debug_frame   0x000006b0      0x2fc ./Core/Src/objs/gpio_new.o
 .debug_frame   0x000009ac      0x16c ./Core/Src/objs/serial_josh.o
 .debug_frame   0x00000b18       0xc8 ./Core/Src/objs/servo_driver_obj.o
 .debug_frame   0x00000be0      0x370 ./Core/Src/objs/timer_josh.o
 .debug_frame   0x00000f50       0x84 ./Core/Src/utils/utils.o
 .debug_frame   0x00000fd4      0x334 ./Drivers/STM32F3xx_HAL_Driver/Src/stm32f3xx_hal.o
 .debug_frame   0x00001308      0x4e8 ./Drivers/STM32F3xx_HAL_Driver/Src/stm32f3xx_hal_cortex.o
 .debug_frame   0x000017f0      0x14c ./Drivers/STM32F3xx_HAL_Driver/Src/stm32f3xx_hal_gpio.o
 .debug_frame   0x0000193c      0xc38 ./Drivers/STM32F3xx_HAL_Driver/Src/stm32f3xx_hal_i2c.o
 .debug_frame   0x00002574      0x100 ./Drivers/STM32F3xx_HAL_Driver/Src/stm32f3xx_hal_i2c_ex.o
 .debug_frame   0x00002674      0x590 ./Drivers/STM32F3xx_HAL_Driver/Src/stm32f3xx_hal_pcd.o
 .debug_frame   0x00002c04      0x214 ./Drivers/STM32F3xx_HAL_Driver/Src/stm32f3xx_hal_rcc.o
 .debug_frame   0x00002e18       0xb0 ./Drivers/STM32F3xx_HAL_Driver/Src/stm32f3xx_hal_rcc_ex.o
 .debug_frame   0x00002ec8      0x860 ./Drivers/STM32F3xx_HAL_Driver/Src/stm32f3xx_hal_spi.o
 .debug_frame   0x00003728     0x1218 ./Drivers/STM32F3xx_HAL_Driver/Src/stm32f3xx_hal_tim.o
 .debug_frame   0x00004940      0x688 ./Drivers/STM32F3xx_HAL_Driver/Src/stm32f3xx_hal_tim_ex.o
 .debug_frame   0x00004fc8      0x380 ./Drivers/STM32F3xx_HAL_Driver/Src/stm32f3xx_ll_usb.o
 .debug_frame   0x00005348       0x30 C:/ST/STM32CubeIDE_1.17.0/STM32CubeIDE/plugins/com.st.stm32cube.ide.mcu.externaltools.gnu-tools-for-stm32.12.3.rel1.win32_1.1.0.202410251130/tools/bin/../lib/gcc/arm-none-eabi/12.3.1/../../../../arm-none-eabi/lib/thumb/v7e-m+fp/hard\libc_nano.a(libc_a-malloc.o)
 .debug_frame   0x00005378       0x50 C:/ST/STM32CubeIDE_1.17.0/STM32CubeIDE/plugins/com.st.stm32cube.ide.mcu.externaltools.gnu-tools-for-stm32.12.3.rel1.win32_1.1.0.202410251130/tools/bin/../lib/gcc/arm-none-eabi/12.3.1/../../../../arm-none-eabi/lib/thumb/v7e-m+fp/hard\libc_nano.a(libc_a-mallocr.o)
 .debug_frame   0x000053c8       0x30 C:/ST/STM32CubeIDE_1.17.0/STM32CubeIDE/plugins/com.st.stm32cube.ide.mcu.externaltools.gnu-tools-for-stm32.12.3.rel1.win32_1.1.0.202410251130/tools/bin/../lib/gcc/arm-none-eabi/12.3.1/../../../../arm-none-eabi/lib/thumb/v7e-m+fp/hard\libc_nano.a(libc_a-mlock.o)
 .debug_frame   0x000053f8      0x144 C:/ST/STM32CubeIDE_1.17.0/STM32CubeIDE/plugins/com.st.stm32cube.ide.mcu.externaltools.gnu-tools-for-stm32.12.3.rel1.win32_1.1.0.202410251130/tools/bin/../lib/gcc/arm-none-eabi/12.3.1/../../../../arm-none-eabi/lib/thumb/v7e-m+fp/hard\libc_nano.a(libc_a-findfp.o)
 .debug_frame   0x0000553c       0x6c C:/ST/STM32CubeIDE_1.17.0/STM32CubeIDE/plugins/com.st.stm32cube.ide.mcu.externaltools.gnu-tools-for-stm32.12.3.rel1.win32_1.1.0.202410251130/tools/bin/../lib/gcc/arm-none-eabi/12.3.1/../../../../arm-none-eabi/lib/thumb/v7e-m+fp/hard\libc_nano.a(libc_a-sprintf.o)
 .debug_frame   0x000055a8       0x20 C:/ST/STM32CubeIDE_1.17.0/STM32CubeIDE/plugins/com.st.stm32cube.ide.mcu.externaltools.gnu-tools-for-stm32.12.3.rel1.win32_1.1.0.202410251130/tools/bin/../lib/gcc/arm-none-eabi/12.3.1/../../../../arm-none-eabi/lib/thumb/v7e-m+fp/hard\libc_nano.a(libc_a-memset.o)
 .debug_frame   0x000055c8       0x38 C:/ST/STM32CubeIDE_1.17.0/STM32CubeIDE/plugins/com.st.stm32cube.ide.mcu.externaltools.gnu-tools-for-stm32.12.3.rel1.win32_1.1.0.202410251130/tools/bin/../lib/gcc/arm-none-eabi/12.3.1/../../../../arm-none-eabi/lib/thumb/v7e-m+fp/hard\libc_nano.a(libc_a-reent.o)
 .debug_frame   0x00005600       0x2c C:/ST/STM32CubeIDE_1.17.0/STM32CubeIDE/plugins/com.st.stm32cube.ide.mcu.externaltools.gnu-tools-for-stm32.12.3.rel1.win32_1.1.0.202410251130/tools/bin/../lib/gcc/arm-none-eabi/12.3.1/../../../../arm-none-eabi/lib/thumb/v7e-m+fp/hard\libc_nano.a(libc_a-sbrkr.o)
 .debug_frame   0x0000562c       0x20 C:/ST/STM32CubeIDE_1.17.0/STM32CubeIDE/plugins/com.st.stm32cube.ide.mcu.externaltools.gnu-tools-for-stm32.12.3.rel1.win32_1.1.0.202410251130/tools/bin/../lib/gcc/arm-none-eabi/12.3.1/../../../../arm-none-eabi/lib/thumb/v7e-m+fp/hard\libc_nano.a(libc_a-errno.o)
 .debug_frame   0x0000564c       0x2c C:/ST/STM32CubeIDE_1.17.0/STM32CubeIDE/plugins/com.st.stm32cube.ide.mcu.externaltools.gnu-tools-for-stm32.12.3.rel1.win32_1.1.0.202410251130/tools/bin/../lib/gcc/arm-none-eabi/12.3.1/../../../../arm-none-eabi/lib/thumb/v7e-m+fp/hard\libc_nano.a(libc_a-init.o)
 .debug_frame   0x00005678       0xb0 C:/ST/STM32CubeIDE_1.17.0/STM32CubeIDE/plugins/com.st.stm32cube.ide.mcu.externaltools.gnu-tools-for-stm32.12.3.rel1.win32_1.1.0.202410251130/tools/bin/../lib/gcc/arm-none-eabi/12.3.1/../../../../arm-none-eabi/lib/thumb/v7e-m+fp/hard\libc_nano.a(libc_a-lock.o)
 .debug_frame   0x00005728       0x20 C:/ST/STM32CubeIDE_1.17.0/STM32CubeIDE/plugins/com.st.stm32cube.ide.mcu.externaltools.gnu-tools-for-stm32.12.3.rel1.win32_1.1.0.202410251130/tools/bin/../lib/gcc/arm-none-eabi/12.3.1/../../../../arm-none-eabi/lib/thumb/v7e-m+fp/hard\libc_nano.a(libc_a-strcmp.o)
 .debug_frame   0x00005748       0x38 C:/ST/STM32CubeIDE_1.17.0/STM32CubeIDE/plugins/com.st.stm32cube.ide.mcu.externaltools.gnu-tools-for-stm32.12.3.rel1.win32_1.1.0.202410251130/tools/bin/../lib/gcc/arm-none-eabi/12.3.1/../../../../arm-none-eabi/lib/thumb/v7e-m+fp/hard\libc_nano.a(libc_a-freer.o)
 .debug_frame   0x00005780       0x90 C:/ST/STM32CubeIDE_1.17.0/STM32CubeIDE/plugins/com.st.stm32cube.ide.mcu.externaltools.gnu-tools-for-stm32.12.3.rel1.win32_1.1.0.202410251130/tools/bin/../lib/gcc/arm-none-eabi/12.3.1/../../../../arm-none-eabi/lib/thumb/v7e-m+fp/hard\libc_nano.a(libc_a-nano-svfprintf.o)
 .debug_frame   0x00005810       0x60 C:/ST/STM32CubeIDE_1.17.0/STM32CubeIDE/plugins/com.st.stm32cube.ide.mcu.externaltools.gnu-tools-for-stm32.12.3.rel1.win32_1.1.0.202410251130/tools/bin/../lib/gcc/arm-none-eabi/12.3.1/../../../../arm-none-eabi/lib/thumb/v7e-m+fp/hard\libc_nano.a(libc_a-nano-vfprintf_i.o)
 .debug_frame   0x00005870       0x28 C:/ST/STM32CubeIDE_1.17.0/STM32CubeIDE/plugins/com.st.stm32cube.ide.mcu.externaltools.gnu-tools-for-stm32.12.3.rel1.win32_1.1.0.202410251130/tools/bin/../lib/gcc/arm-none-eabi/12.3.1/../../../../arm-none-eabi/lib/thumb/v7e-m+fp/hard\libc_nano.a(libc_a-memmove.o)
 .debug_frame   0x00005898       0x28 C:/ST/STM32CubeIDE_1.17.0/STM32CubeIDE/plugins/com.st.stm32cube.ide.mcu.externaltools.gnu-tools-for-stm32.12.3.rel1.win32_1.1.0.202410251130/tools/bin/../lib/gcc/arm-none-eabi/12.3.1/../../../../arm-none-eabi/lib/thumb/v7e-m+fp/hard\libc_nano.a(libc_a-memcpy-stub.o)
 .debug_frame   0x000058c0       0x3c C:/ST/STM32CubeIDE_1.17.0/STM32CubeIDE/plugins/com.st.stm32cube.ide.mcu.externaltools.gnu-tools-for-stm32.12.3.rel1.win32_1.1.0.202410251130/tools/bin/../lib/gcc/arm-none-eabi/12.3.1/../../../../arm-none-eabi/lib/thumb/v7e-m+fp/hard\libc_nano.a(libc_a-reallocr.o)
 .debug_frame   0x000058fc       0x20 C:/ST/STM32CubeIDE_1.17.0/STM32CubeIDE/plugins/com.st.stm32cube.ide.mcu.externaltools.gnu-tools-for-stm32.12.3.rel1.win32_1.1.0.202410251130/tools/bin/../lib/gcc/arm-none-eabi/12.3.1/../../../../arm-none-eabi/lib/thumb/v7e-m+fp/hard\libc_nano.a(libc_a-msizer.o)

.debug_line_str
                0x00000000       0x51
 .debug_line_str
                0x00000000       0x51 ./Core/Startup/startup_stm32f303vctx.o