../Core/Src/main.c:88:19:QMC5883L_Init	32	static
../Core/Src/main.c:111:19:QMC5883L_ReadXYZ	56	static
../Core/Src/main.c:139:6:USART2_Transmit_Packet	40	static
../Core/Src/main.c:185:5:main	200	static
../Core/Src/main.c:319:6:SystemClock_Config	128	static
../Core/Src/main.c:364:13:MX_I2C1_Init	8	static
../Core/Src/main.c:407:13:MX_TIM1_Init	96	static
../Core/Src/main.c:472:13:MX_TIM2_Init	48	static
../Core/Src/main.c:516:13:MX_USART2_Init	4	static
../Core/Src/main.c:539:13:MX_GPIO_Init	40	static
../Core/Src/main.c:600:6:Error_Handler	4	static,ignoring_inline_asm
