../Core/Src/main.c:83:19:QMC5883L_Init	32	static
../Core/Src/main.c:106:19:QMC5883L_ReadXYZ	56	static
../Core/Src/main.c:134:6:USART2_Transmit_Packet	40	static
../Core/Src/main.c:180:5:main	136	static
../Core/Src/main.c:293:6:SystemClock_Config	128	static
../Core/Src/main.c:338:13:MX_I2C1_Init	8	static
../Core/Src/main.c:381:13:MX_TIM1_Init	96	static
../Core/Src/main.c:446:13:MX_TIM2_Init	48	static
../Core/Src/main.c:490:13:MX_USART2_Init	4	static
../Core/Src/main.c:513:13:MX_GPIO_Init	40	static
../Core/Src/main.c:574:6:Error_Handler	4	static,ignoring_inline_asm
