../Core/Src/main.c:123:6:transmit_game_state	72	static
../Core/Src/main.c:130:13:fn_a	80	static
../Core/Src/main.c:138:6:start_game	32	static
../Core/Src/main.c:172:6:update_game_state	24	static
../Core/Src/main.c:188:9:check_game_over	24	static
../Core/Src/main.c:226:6:handle_touch	16	static
../Core/Src/main.c:232:6:output_callback	4	static
../Core/Src/main.c:237:6:input_callback	32	static
../Core/Src/main.c:252:5:main	192	static
../Core/Src/main.c:416:6:SystemClock_Config	128	static
../Core/Src/main.c:465:13:MX_I2C1_Init	8	static
../Core/Src/main.c:513:13:MX_SPI1_Init	8	static
../Core/Src/main.c:553:13:MX_TIM2_Init	48	static
../Core/Src/main.c:602:13:MX_USB_PCD_Init	8	static
../Core/Src/main.c:633:13:MX_GPIO_Init	48	static
../Core/Src/main.c:688:6:Error_Handler	4	static,ignoring_inline_asm
