../Core/Src/main.c:113:6:transmit_game_state	72	static
../Core/Src/main.c:120:13:fn_a	80	static
../Core/Src/main.c:128:6:start_game	32	static
../Core/Src/main.c:165:6:update_game_state	24	static
../Core/Src/main.c:181:9:check_game_over	24	static
../Core/Src/main.c:217:6:handle_touch	16	static
../Core/Src/main.c:222:6:output_callback	4	static
../Core/Src/main.c:227:6:input_callback	32	static
../Core/Src/main.c:236:6:SetServoAngle	88	static
../Core/Src/main.c:265:6:get_servo	96	static
../Core/Src/main.c:308:5:main	168	static
../Core/Src/main.c:452:6:SystemClock_Config	72	static
../Core/Src/main.c:491:13:MX_TIM2_Init	48	static
../Core/Src/main.c:539:13:MX_TIM3_Init	48	static
../Core/Src/main.c:587:13:MX_TIM4_Init	48	static
../Core/Src/main.c:635:13:MX_USART1_UART_Init	8	static
../Core/Src/main.c:665:13:MX_GPIO_Init	48	static
../Core/Src/main.c:727:6:Error_Handler	4	static,ignoring_inline_asm
