../Core/Src/main.c:113:6:transmit_game_state	72	static
../Core/Src/main.c:120:13:fn_a	80	static
../Core/Src/main.c:128:6:start_game	32	static
../Core/Src/main.c:165:6:update_game_state	24	static
../Core/Src/main.c:181:9:check_game_over	24	static
../Core/Src/main.c:219:6:handle_touch	16	static
../Core/Src/main.c:225:6:output_callback	4	static
../Core/Src/main.c:230:6:input_callback	32	static
../Core/Src/main.c:239:6:SetServoAngle	88	static
../Core/Src/main.c:309:5:main	160	static
../Core/Src/main.c:491:6:SystemClock_Config	72	static
../Core/Src/main.c:530:13:MX_TIM2_Init	48	static
../Core/Src/main.c:578:13:MX_TIM3_Init	48	static
../Core/Src/main.c:626:13:MX_TIM4_Init	48	static
../Core/Src/main.c:674:13:MX_USART1_UART_Init	8	static
../Core/Src/main.c:704:13:MX_GPIO_Init	48	static
../Core/Src/main.c:766:6:Error_Handler	4	static,ignoring_inline_asm
