../Core/Src/main.c:116:6:transmit_game_state	72	static
../Core/Src/main.c:123:13:fn_a	80	static
../Core/Src/main.c:131:6:reset_touchpads	24	static
../Core/Src/main.c:149:6:disable_touchpad	88	static
../Core/Src/main.c:168:6:start_game	32	static
../Core/Src/main.c:208:9:check_game_over	24	static
../Core/Src/main.c:234:6:handle_touch	88	static
../Core/Src/main.c:261:6:output_callback	4	static
../Core/Src/main.c:266:6:input_callback	32	static
../Core/Src/main.c:275:6:SetServoAngle	88	static
../Core/Src/main.c:304:6:get_servo	96	static
../Core/Src/main.c:341:6:dig_used	168	static
../Core/Src/main.c:395:5:main	184	static
../Core/Src/main.c:627:6:SystemClock_Config	72	static
../Core/Src/main.c:666:13:MX_TIM2_Init	48	static
../Core/Src/main.c:714:13:MX_TIM3_Init	48	static
../Core/Src/main.c:762:13:MX_TIM4_Init	48	static
../Core/Src/main.c:810:13:MX_USART1_UART_Init	8	static
../Core/Src/main.c:840:13:MX_GPIO_Init	48	static
../Core/Src/main.c:902:6:Error_Handler	4	static,ignoring_inline_asm
