../Core/Src/main.c:121:6:transmit_game_state	232	static
../Core/Src/main.c:129:13:fn_a	80	static
../Core/Src/main.c:142:6:reset_touchpads	24	static
../Core/Src/main.c:160:6:disable_touchpad	88	static
../Core/Src/main.c:179:6:start_game	40	static
../Core/Src/main.c:223:9:check_game_over	312	static
../Core/Src/main.c:269:6:handle_touch	88	static
../Core/Src/main.c:296:6:output_callback	4	static
../Core/Src/main.c:301:6:input_callback	312	static
../Core/Src/main.c:333:6:parse_game_config	48	static
../Core/Src/main.c:367:6:SetServoAngle	88	static
../Core/Src/main.c:396:6:get_servo	96	static
../Core/Src/main.c:433:6:dig_used	168	static
../Core/Src/main.c:482:6:display_start_menu	8	static
../Core/Src/main.c:496:5:main	184	static
../Core/Src/main.c:732:6:SystemClock_Config	72	static
../Core/Src/main.c:771:13:MX_TIM2_Init	48	static
../Core/Src/main.c:819:13:MX_TIM3_Init	48	static
../Core/Src/main.c:867:13:MX_TIM4_Init	48	static
../Core/Src/main.c:915:13:MX_USART1_UART_Init	8	static
../Core/Src/main.c:945:13:MX_GPIO_Init	48	static
../Core/Src/main.c:1007:6:Error_Handler	4	static,ignoring_inline_asm
