../Core/Src/main.c:115:6:transmit_game_state	72	static
../Core/Src/main.c:122:13:fn_a	80	static
../Core/Src/main.c:130:6:reset_touchpads	24	static
../Core/Src/main.c:148:6:disable_touchpad	88	static
../Core/Src/main.c:167:6:start_game	32	static
../Core/Src/main.c:206:6:update_game_state	24	static
../Core/Src/main.c:222:9:check_game_over	24	static
../Core/Src/main.c:248:6:handle_touch	88	static
../Core/Src/main.c:275:6:output_callback	4	static
../Core/Src/main.c:280:6:input_callback	32	static
../Core/Src/main.c:289:6:SetServoAngle	88	static
../Core/Src/main.c:318:6:get_servo	96	static
../Core/Src/main.c:434:5:main	184	static
../Core/Src/main.c:610:6:SystemClock_Config	72	static
../Core/Src/main.c:649:13:MX_TIM2_Init	48	static
../Core/Src/main.c:697:13:MX_TIM3_Init	48	static
../Core/Src/main.c:745:13:MX_TIM4_Init	48	static
../Core/Src/main.c:793:13:MX_USART1_UART_Init	8	static
../Core/Src/main.c:823:13:MX_GPIO_Init	48	static
../Core/Src/main.c:885:6:Error_Handler	4	static,ignoring_inline_asm
