../Core/Src/main.c:122:6:transmit_game_state	312	static
../Core/Src/main.c:130:13:fn_a	80	static
../Core/Src/main.c:143:6:reset_touchpads	24	static
../Core/Src/main.c:161:6:disable_touchpad	88	static
../Core/Src/main.c:180:6:start_game	40	static
../Core/Src/main.c:225:9:check_game_over	32	static
../Core/Src/main.c:265:6:handle_touch	88	static
../Core/Src/main.c:292:6:output_callback	4	static
../Core/Src/main.c:297:6:input_callback	472	static
../Core/Src/main.c:364:6:parse_game_config	48	static
../Core/Src/main.c:398:6:SetServoAngle	88	static
../Core/Src/main.c:427:6:get_servo	96	static
../Core/Src/main.c:464:6:dig_used	168	static
../Core/Src/main.c:513:6:display_start_menu	8	static
../Core/Src/main.c:521:6:display_final_scoreboard	272	static
../Core/Src/main.c:550:5:main	216	static
../Core/Src/main.c:835:6:SystemClock_Config	72	static
../Core/Src/main.c:874:13:MX_TIM2_Init	48	static
../Core/Src/main.c:922:13:MX_TIM3_Init	48	static
../Core/Src/main.c:970:13:MX_TIM4_Init	48	static
../Core/Src/main.c:1018:13:MX_USART1_UART_Init	8	static
../Core/Src/main.c:1048:13:MX_GPIO_Init	48	static
../Core/Src/main.c:1110:6:Error_Handler	4	static,ignoring_inline_asm
