../Drivers/CMSIS/Include/core_cm4.h:1688:22:__NVIC_EnableIRQ	16	static
../Drivers/CMSIS/Include/core_cm4.h:1816:22:__NVIC_SetPriority	16	static
../Core/Src/objs/GPIO.c:29:11:create_mask	16	static
../Core/Src/objs/GPIO.c:36:8:init_port	56	static
../Core/Src/objs/GPIO.c:137:11:read_pins	24	static
../Core/Src/objs/GPIO.c:156:6:read_pins_analog	24	static
../Core/Src/objs/GPIO.c:179:10:read_single_pin	24	static
../Core/Src/objs/GPIO.c:194:7:write_pins	24	static
../Core/Src/objs/GPIO.c:212:7:write_single_pin	24	static
../Core/Src/objs/GPIO.c:234:7:EXTI0_IRQHandler	8	static
../Core/Src/objs/GPIO.c:235:7:EXTI1_IRQHandler	8	static
../Core/Src/objs/GPIO.c:236:7:EXTI2_IRQHandler	8	static
../Core/Src/objs/GPIO.c:237:7:EXTI3_IRQHandler	8	static
../Core/Src/objs/GPIO.c:238:7:EXTI4_IRQHandler	8	static
../Core/Src/objs/GPIO.c:240:7:EXTI9_5_IRQHandler	16	static
../Core/Src/objs/GPIO.c:249:7:EXTI15_10_IRQHandler	16	static
../Core/Src/objs/GPIO.c:261:7:enable_interupt	24	static,ignoring_inline_asm
