../Core/Src/main.c:72:6:init_servos	4	static
../Core/Src/main.c:84:6:set_servo_angle	16	static
../Core/Src/main.c:96:6:touch_pad_handler	24	static
../Core/Src/main.c:130:5:main	24	static
../Core/Src/main.c:198:6:SystemClock_Config	72	static
../Core/Src/main.c:237:13:MX_TIM2_Init	48	static
../Core/Src/main.c:276:13:MX_TIM3_Init	48	static
../Core/Src/main.c:315:13:MX_TIM4_Init	48	static
../Core/Src/main.c:354:13:MX_USART1_UART_Init	8	static
../Core/Src/main.c:384:13:MX_GPIO_Init	48	static
../Core/Src/main.c:446:6:Error_Handler	4	static,ignoring_inline_asm
