../Drivers/CMSIS/Include/core_cm4.h:1688:22:__NVIC_EnableIRQ	16	static
../Drivers/CMSIS/Include/core_cm4.h:1816:22:__NVIC_SetPriority	16	static
../Core/Src/serial.c:18:6:reset_input_buffer	8	static
../Core/Src/serial.c:23:6:enableUSART1	4	static
../Core/Src/serial.c:41:6:enableLEDs	16	static
../Core/Src/serial.c:53:6:enableUARTInterrupts	8	static,ignoring_inline_asm
../Core/Src/serial.c:67:6:USART1_EXTI25_IRQHandler	16	static
../Core/Src/serial.c:102:6:send_string	16	static
../Core/Src/serial.c:109:6:send_string_buffer	32	static
../Core/Src/serial.c:119:6:print_game_state	16	static
../Core/Src/serial.c:160:6:print_game_triggers	8	static
../Core/Src/serial.c:190:6:clear_screen	8	static
../Core/Src/serial.c:195:5:valid_period_check	24	static
