../Drivers/CMSIS/Include/core_cm4.h:1688:22:__NVIC_EnableIRQ	16	static
../Core/Src/objs/gpio_josh.c:8:6:initialise_touch	24	static
../Core/Src/objs/gpio_josh.c:22:6:enable_touch_interrupts	8	static,ignoring_inline_asm
../Core/Src/objs/gpio_josh.c:52:6:touch_register_callback	16	static
../Core/Src/objs/gpio_josh.c:56:6:display_number	16	static
../Core/Src/objs/gpio_josh.c:63:6:EXTI1_IRQHandler	8	static
../Core/Src/objs/gpio_josh.c:69:6:EXTI2_TSC_IRQHandler	8	static
../Core/Src/objs/gpio_josh.c:75:6:EXTI3_IRQHandler	8	static
../Core/Src/objs/gpio_josh.c:81:6:EXTI4_IRQHandler	8	static
../Core/Src/objs/gpio_josh.c:88:6:EXTI9_5_IRQHandler	16	static
