../Drivers/CMSIS/Include/core_cm4.h:1688:22:__NVIC_EnableIRQ	16	static
../Drivers/CMSIS/Include/core_cm4.h:1816:22:__NVIC_SetPriority	16	static
../Core/Src/objs/gpio_new.c:18:10:create_mask	16	static
../Core/Src/objs/gpio_new.c:23:7:init_port	56	static
../Core/Src/objs/gpio_new.c:100:10:read_pins	24	static
../Core/Src/objs/gpio_new.c:114:9:read_single_pin	24	static
../Core/Src/objs/gpio_new.c:124:6:read_pins_analog	24	static
../Core/Src/objs/gpio_new.c:141:6:write_pins	24	static
../Core/Src/objs/gpio_new.c:157:6:write_single_pin	24	static
../Core/Src/objs/gpio_new.c:174:6:enable_interrupt	24	static,ignoring_inline_asm
../Core/Src/objs/gpio_new.c:219:6:initialise_touch	24	static
../Core/Src/objs/gpio_new.c:236:6:enable_touch_interrupts	8	static,ignoring_inline_asm
../Core/Src/objs/gpio_new.c:265:6:touch_register_callback	16	static
../Core/Src/objs/gpio_new.c:270:6:display_number	16	static
../Core/Src/objs/gpio_new.c:277:6:EXTI0_IRQHandler	8	static
../Core/Src/objs/gpio_new.c:282:6:EXTI1_IRQHandler	8	static
../Core/Src/objs/gpio_new.c:291:6:EXTI2_TSC_IRQHandler	8	static
../Core/Src/objs/gpio_new.c:300:6:EXTI3_IRQHandler	8	static
../Core/Src/objs/gpio_new.c:309:6:EXTI4_IRQHandler	8	static
../Core/Src/objs/gpio_new.c:318:6:EXTI9_5_IRQHandler	16	static
../Core/Src/objs/gpio_new.c:333:6:EXTI15_10_IRQHandler	16	static
